Archive member included to satisfy reference by file (symbol)

d:/program files (x86)/gnutools/gcc-arm-none-eabi-win32/bin/../lib/gcc/arm-none-eabi/10.3.1/../../../../arm-none-eabi/lib/thumb/v7e-m+fp/hard\libc_nano.a(lib_a-errno.o)
                              build/sysmem.o (__errno)
d:/program files (x86)/gnutools/gcc-arm-none-eabi-win32/bin/../lib/gcc/arm-none-eabi/10.3.1/../../../../arm-none-eabi/lib/thumb/v7e-m+fp/hard\libc_nano.a(lib_a-exit.o)
                              d:/program files (x86)/gnutools/gcc-arm-none-eabi-win32/bin/../lib/gcc/arm-none-eabi/10.3.1/../../../../arm-none-eabi/lib/thumb/v7e-m+fp/hard/crt0.o (exit)
d:/program files (x86)/gnutools/gcc-arm-none-eabi-win32/bin/../lib/gcc/arm-none-eabi/10.3.1/../../../../arm-none-eabi/lib/thumb/v7e-m+fp/hard\libc_nano.a(lib_a-impure.o)
                              d:/program files (x86)/gnutools/gcc-arm-none-eabi-win32/bin/../lib/gcc/arm-none-eabi/10.3.1/../../../../arm-none-eabi/lib/thumb/v7e-m+fp/hard\libc_nano.a(lib_a-exit.o) (_global_impure_ptr)
d:/program files (x86)/gnutools/gcc-arm-none-eabi-win32/bin/../lib/gcc/arm-none-eabi/10.3.1/../../../../arm-none-eabi/lib/thumb/v7e-m+fp/hard\libc_nano.a(lib_a-init.o)
                              d:/program files (x86)/gnutools/gcc-arm-none-eabi-win32/bin/../lib/gcc/arm-none-eabi/10.3.1/../../../../arm-none-eabi/lib/thumb/v7e-m+fp/hard/crt0.o (__libc_init_array)
d:/program files (x86)/gnutools/gcc-arm-none-eabi-win32/bin/../lib/gcc/arm-none-eabi/10.3.1/../../../../arm-none-eabi/lib/thumb/v7e-m+fp/hard\libc_nano.a(lib_a-memcpy-stub.o)
                              build/queue.o (memcpy)
d:/program files (x86)/gnutools/gcc-arm-none-eabi-win32/bin/../lib/gcc/arm-none-eabi/10.3.1/../../../../arm-none-eabi/lib/thumb/v7e-m+fp/hard\libc_nano.a(lib_a-memset.o)
                              d:/program files (x86)/gnutools/gcc-arm-none-eabi-win32/bin/../lib/gcc/arm-none-eabi/10.3.1/../../../../arm-none-eabi/lib/thumb/v7e-m+fp/hard/crt0.o (memset)
d:/program files (x86)/gnutools/gcc-arm-none-eabi-win32/bin/../lib/gcc/arm-none-eabi/10.3.1/../../../../arm-none-eabi/lib/thumb/v7e-m+fp/hard\libc_nano.a(lib_a-printf.o)
                              build/freertos.o (printf)
d:/program files (x86)/gnutools/gcc-arm-none-eabi-win32/bin/../lib/gcc/arm-none-eabi/10.3.1/../../../../arm-none-eabi/lib/thumb/v7e-m+fp/hard\libc_nano.a(lib_a-puts.o)
                              build/freertos.o (puts)
d:/program files (x86)/gnutools/gcc-arm-none-eabi-win32/bin/../lib/gcc/arm-none-eabi/10.3.1/../../../../arm-none-eabi/lib/thumb/v7e-m+fp/hard\libc_nano.a(lib_a-wbuf.o)
                              d:/program files (x86)/gnutools/gcc-arm-none-eabi-win32/bin/../lib/gcc/arm-none-eabi/10.3.1/../../../../arm-none-eabi/lib/thumb/v7e-m+fp/hard\libc_nano.a(lib_a-puts.o) (__swbuf_r)
d:/program files (x86)/gnutools/gcc-arm-none-eabi-win32/bin/../lib/gcc/arm-none-eabi/10.3.1/../../../../arm-none-eabi/lib/thumb/v7e-m+fp/hard\libc_nano.a(lib_a-wsetup.o)
                              d:/program files (x86)/gnutools/gcc-arm-none-eabi-win32/bin/../lib/gcc/arm-none-eabi/10.3.1/../../../../arm-none-eabi/lib/thumb/v7e-m+fp/hard\libc_nano.a(lib_a-puts.o) (__swsetup_r)
d:/program files (x86)/gnutools/gcc-arm-none-eabi-win32/bin/../lib/gcc/arm-none-eabi/10.3.1/../../../../arm-none-eabi/lib/thumb/v7e-m+fp/hard\libc_nano.a(lib_a-fflush.o)
                              d:/program files (x86)/gnutools/gcc-arm-none-eabi-win32/bin/../lib/gcc/arm-none-eabi/10.3.1/../../../../arm-none-eabi/lib/thumb/v7e-m+fp/hard\libc_nano.a(lib_a-wbuf.o) (_fflush_r)
d:/program files (x86)/gnutools/gcc-arm-none-eabi-win32/bin/../lib/gcc/arm-none-eabi/10.3.1/../../../../arm-none-eabi/lib/thumb/v7e-m+fp/hard\libc_nano.a(lib_a-findfp.o)
                              d:/program files (x86)/gnutools/gcc-arm-none-eabi-win32/bin/../lib/gcc/arm-none-eabi/10.3.1/../../../../arm-none-eabi/lib/thumb/v7e-m+fp/hard\libc_nano.a(lib_a-printf.o) (__sinit)
d:/program files (x86)/gnutools/gcc-arm-none-eabi-win32/bin/../lib/gcc/arm-none-eabi/10.3.1/../../../../arm-none-eabi/lib/thumb/v7e-m+fp/hard\libc_nano.a(lib_a-fwalk.o)
                              d:/program files (x86)/gnutools/gcc-arm-none-eabi-win32/bin/../lib/gcc/arm-none-eabi/10.3.1/../../../../arm-none-eabi/lib/thumb/v7e-m+fp/hard\libc_nano.a(lib_a-findfp.o) (_fwalk)
d:/program files (x86)/gnutools/gcc-arm-none-eabi-win32/bin/../lib/gcc/arm-none-eabi/10.3.1/../../../../arm-none-eabi/lib/thumb/v7e-m+fp/hard\libc_nano.a(lib_a-lock.o)
                              d:/program files (x86)/gnutools/gcc-arm-none-eabi-win32/bin/../lib/gcc/arm-none-eabi/10.3.1/../../../../arm-none-eabi/lib/thumb/v7e-m+fp/hard\libc_nano.a(lib_a-findfp.o) (__retarget_lock_init_recursive)
d:/program files (x86)/gnutools/gcc-arm-none-eabi-win32/bin/../lib/gcc/arm-none-eabi/10.3.1/../../../../arm-none-eabi/lib/thumb/v7e-m+fp/hard\libc_nano.a(lib_a-makebuf.o)
[...]
Memory Configuration

Name             Origin             Length             Attributes
RAM              0x20000000         0x00020000         xrw
CCMRAM           0x10000000         0x00010000         xrw
FLASH            0x08000000         0x00100000         xr
*default*        0x00000000         0xffffffff

Linker script and memory map

LOAD d:/program files (x86)/gnutools/gcc-arm-none-eabi-win32/bin/../lib/gcc/arm-none-eabi/10.3.1/thumb/v7e-m+fp/hard/crti.o
LOAD d:/program files (x86)/gnutools/gcc-arm-none-eabi-win32/bin/../lib/gcc/arm-none-eabi/10.3.1/thumb/v7e-m+fp/hard/crtbegin.o
LOAD d:/program files (x86)/gnutools/gcc-arm-none-eabi-win32/bin/../lib/gcc/arm-none-eabi/10.3.1/../../../../arm-none-eabi/lib/thumb/v7e-m+fp/hard/crt0.o
LOAD build/main.o
LOAD build/freertos.o
LOAD build/gpio.o
LOAD build/usart.o
LOAD build/dma.o
LOAD build/exti.o
LOAD build/stm32f4xx_it.o
LOAD build/stm32f4xx_hal_msp.o
LOAD build/sysmem.o
LOAD build/syscalls.o
LOAD build/system_stm32f4xx.o
LOAD build/led.o
LOAD build/key.o
LOAD build/stm32f4xx_hal_rcc.o
LOAD build/stm32f4xx_hal_rcc_ex.o
LOAD build/stm32f4xx_hal_flash.o
LOAD build/stm32f4xx_hal_flash_ex.o
LOAD build/stm32f4xx_hal_flash_ramfunc.o
LOAD build/stm32f4xx_hal_gpio.o
LOAD build/stm32f4xx_hal_dma_ex.o
LOAD build/stm32f4xx_hal_dma.o
LOAD build/stm32f4xx_hal_pwr.o
LOAD build/stm32f4xx_hal_pwr_ex.o
LOAD build/stm32f4xx_hal_cortex.o
LOAD build/stm32f4xx_hal.o
LOAD build/stm32f4xx_hal_exti.o
LOAD build/stm32f4xx_hal_tim.o
LOAD build/stm32f4xx_hal_tim_ex.o
LOAD build/stm32f4xx_hal_uart.o
LOAD build/croutine.o
LOAD build/event_groups.o
LOAD build/list.o
LOAD build/queue.o
LOAD build/stream_buffer.o
LOAD build/tasks.o
LOAD build/timers.o
LOAD build/cmsis_os2.o
LOAD build/heap_4.o
LOAD build/port.o
LOAD build/startup_stm32f407xx.o
LOAD d:/program files (x86)/gnutools/gcc-arm-none-eabi-win32/bin/../lib/gcc/arm-none-eabi/10.3.1/../../../../arm-none-eabi/lib/thumb/v7e-m+fp/hard\libc_nano.a
LOAD d:/program files (x86)/gnutools/gcc-arm-none-eabi-win32/bin/../lib/gcc/arm-none-eabi/10.3.1/../../../../arm-none-eabi/lib/thumb/v7e-m+fp/hard\libm.a
LOAD d:/program files (x86)/gnutools/gcc-arm-none-eabi-win32/bin/../lib/gcc/arm-none-eabi/10.3.1/../../../../arm-none-eabi/lib/thumb/v7e-m+fp/hard\libnosys.a
START GROUP
LOAD d:/program files (x86)/gnutools/gcc-arm-none-eabi-win32/bin/../lib/gcc/arm-none-eabi/10.3.1/thumb/v7e-m+fp/hard\libgcc.a
LOAD d:/program files (x86)/gnutools/gcc-arm-none-eabi-win32/bin/../lib/gcc/arm-none-eabi/10.3.1/../../../../arm-none-eabi/lib/thumb/v7e-m+fp/hard\libc_nano.a
END GROUP
START GROUP
LOAD d:/program files (x86)/gnutools/gcc-arm-none-eabi-win32/bin/../lib/gcc/arm-none-eabi/10.3.1/thumb/v7e-m+fp/hard\libgcc.a
LOAD d:/program files (x86)/gnutools/gcc-arm-none-eabi-win32/bin/../lib/gcc/arm-none-eabi/10.3.1/../../../../arm-none-eabi/lib/thumb/v7e-m+fp/hard\libc_nano.a
END GROUP
LOAD d:/program files (x86)/gnutools/gcc-arm-none-eabi-win32/bin/../lib/gcc/arm-none-eabi/10.3.1/thumb/v7e-m+fp/hard/crtend.o
LOAD d:/program files (x86)/gnutools/gcc-arm-none-eabi-win32/bin/../lib/gcc/arm-none-eabi/10.3.1/thumb/v7e-m+fp/hard/crtn.o
                0x20020000                _estack = (ORIGIN (RAM) + LENGTH (RAM))
                0x00000200                _Min_Heap_Size = 0x200
                0x00000400                _Min_Stack_Size = 0x400

.isr_vector     0x08000000      0x188
                0x08000000                . = ALIGN (0x4)
 *(.isr_vector)
 .isr_vector    0x08000000      0x188 build/startup_stm32f407xx.o
                0x08000000                g_pfnVectors
                0x08000188                . = ALIGN (0x4)

.text           0x08000190     0x5800
                0x08000190                . = ALIGN (0x4)
 *(.text)
 .text          0x08000190       0x40 d:/program files (x86)/gnutools/gcc-arm-none-eabi-win32/bin/../lib/gcc/arm-none-eabi/10.3.1/thumb/v7e-m+fp/hard/crtbegin.o
 .text          0x080001d0       0xa0 d:/program files (x86)/gnutools/gcc-arm-none-eabi-win32/bin/../lib/gcc/arm-none-eabi/10.3.1/../../../../arm-none-eabi/lib/thumb/v7e-m+fp/hard\libc_nano.a(lib_a-memchr.o)
                0x080001d0                memchr
 .text          0x08000270       0x30 d:/program files (x86)/gnutools/gcc-arm-none-eabi-win32/bin/../lib/gcc/arm-none-eabi/10.3.1/thumb/v7e-m+fp/hard\libgcc.a(_aeabi_uldivmod.o)
                0x08000270                __aeabi_uldivmod
 .text          0x080002a0      0x2d0 d:/program files (x86)/gnutools/gcc-arm-none-eabi-win32/bin/../lib/gcc/arm-none-eabi/10.3.1/thumb/v7e-m+fp/hard\libgcc.a(_udivmoddi4.o)
                0x080002a0                __udivmoddi4
 .text          0x08000570        0x4 d:/program files (x86)/gnutools/gcc-arm-none-eabi-win32/bin/../lib/gcc/arm-none-eabi/10.3.1/thumb/v7e-m+fp/hard\libgcc.a(_dvmd_tls.o)
                0x08000570                __aeabi_idiv0
                0x08000570                __aeabi_ldiv0
 *(.text*)
 .text.Error_Handler
                0x08000574        0x4 build/main.o
                0x08000574                Error_Handler
 .text.SystemClock_Config
                0x08000578       0xac build/main.o
                0x08000578                SystemClock_Config
 .text.main     0x08000624       0x28 build/main.o
                0x08000624                main
 .text.start_task
                0x0800064c       0x80 build/freertos.o
                0x0800064c                start_task
 .text.task1    0x080006cc        0xc build/freertos.o
                0x080006cc                task1
 .text.task2    0x080006d8       0x64 build/freertos.o
                0x080006d8                task2
 .text.task3    0x0800073c       0x74 build/freertos.o
                0x0800073c                task3
 .text.MX_FREERTOS_Init
                0x080007b0       0x30 build/freertos.o
                0x080007b0                MX_FREERTOS_Init
 .text.MX_GPIO_Init
                0x080007e0        0xc build/gpio.o
                0x080007e0                MX_GPIO_Init
 .text.stm32_uartx_init
                0x080007ec       0x34 build/usart.o
                0x080007ec                stm32_uartx_init
 .text.stm32_uartx_send
                0x08000820       0x28 build/usart.o
                0x08000820                stm32_uartx_send
 .text.stm32_uartx_recv
                0x08000848       0x1e build/usart.o
                0x08000848                stm32_uartx_recv
 *fill*         0x08000866        0x2 
 .text._write   0x08000868       0x18 build/usart.o
                0x08000868                _write
 .text.MX_USART_UART_Init
                0x08000880       0x34 build/usart.o
                0x08000880                MX_USART_UART_Init
 .text.HAL_UART_MspInit
                0x080008b4      0x108 build/usart.o
                0x080008b4                HAL_UART_MspInit
 .text.HAL_UART_TxCpltCallback
                0x080009bc       0x24 build/usart.o
                0x080009bc                HAL_UART_TxCpltCallback
 .text.HAL_UART_RxCpltCallback
                0x080009e0       0x78 build/usart.o
                0x080009e0                HAL_UART_RxCpltCallback
 .text.HAL_UARTEx_RxEventCallback
                0x08000a58       0x48 build/usart.o
                0x08000a58                HAL_UARTEx_RxEventCallback
 .text.MX_DMA_Init
                0x08000aa0       0x44 build/dma.o
                0x08000aa0                MX_DMA_Init
 .text.EXTI_Queue_Init
                0x08000ae4       0x3c build/exti.o
                0x08000ae4                EXTI_Queue_Init
 .text.MX_EXTI_Init
                0x08000b20       0x34 build/exti.o
                0x08000b20                MX_EXTI_Init
 .text.EXTI2_IRQHandler
                0x08000b54       0x14 build/exti.o
                0x08000b54                EXTI2_IRQHandler
 .text.EXTI3_IRQHandler
                0x08000b68       0x14 build/exti.o
                0x08000b68                EXTI3_IRQHandler
 .text.EXTI4_IRQHandler
                0x08000b7c       0x14 build/exti.o
                0x08000b7c                EXTI4_IRQHandler
 .text.HAL_GPIO_EXTI_Callback
                0x08000b90       0x8c build/exti.o
                0x08000b90                HAL_GPIO_EXTI_Callback
 .text.NMI_Handler
                0x08000c1c        0x2 build/stm32f4xx_it.o
                0x08000c1c                NMI_Handler
 .text.HardFault_Handler
                0x08000c1e        0x2 build/stm32f4xx_it.o
                0x08000c1e                HardFault_Handler
 .text.MemManage_Handler
                0x08000c20        0x2 build/stm32f4xx_it.o
                0x08000c20                MemManage_Handler
 .text.BusFault_Handler
                0x08000c22        0x2 build/stm32f4xx_it.o
                0x08000c22                BusFault_Handler
 .text.UsageFault_Handler
                0x08000c24        0x2 build/stm32f4xx_it.o
                0x08000c24                UsageFault_Handler
 .text.DebugMon_Handler
                0x08000c26        0x2 build/stm32f4xx_it.o
                0x08000c26                DebugMon_Handler
 .text.SysTick_Handler
                0x08000c28       0x16 build/stm32f4xx_it.o
                0x08000c28                SysTick_Handler
 *fill*         0x08000c3e        0x2 
 .text.USART1_IRQHandler
                0x08000c40       0x10 build/stm32f4xx_it.o
                0x08000c40                USART1_IRQHandler
 .text.DMA2_Stream7_IRQHandler
                0x08000c50       0x10 build/stm32f4xx_it.o
                0x08000c50                DMA2_Stream7_IRQHandler
 .text.DMA2_Stream2_IRQHandler
                0x08000c60       0x10 build/stm32f4xx_it.o
                0x08000c60                DMA2_Stream2_IRQHandler
 .text.HAL_MspInit
                0x08000c70       0x44 build/stm32f4xx_hal_msp.o
                0x08000c70                HAL_MspInit
 .text._sbrk    0x08000cb4       0x48 build/sysmem.o
                0x08000cb4                _sbrk
 .text._read    0x08000cfc       0x20 build/syscalls.o
                0x08000cfc                _read
 .text._close   0x08000d1c        0x6 build/syscalls.o
                0x08000d1c                _close
 .text._fstat   0x08000d22        0xa build/syscalls.o
                0x08000d22                _fstat
 .text._isatty  0x08000d2c        0x4 build/syscalls.o
                0x08000d2c                _isatty
 .text._lseek   0x08000d30        0x4 build/syscalls.o
                0x08000d30                _lseek
 .text.SystemInit
                0x08000d34       0x14 build/system_stm32f4xx.o
                0x08000d34                SystemInit
 .text.LED_GPIO_Init
                0x08000d48       0xb0 build/led.o
                0x08000d48                LED_GPIO_Init
 .text.KEY_GPIO_Init
                0x08000df8       0x94 build/key.o
                0x08000df8                KEY_GPIO_Init
 .text.HAL_RCC_OscConfig
                0x08000e8c      0x3f8 build/stm32f4xx_hal_rcc.o
                0x08000e8c                HAL_RCC_OscConfig
 .text.HAL_RCC_GetSysClockFreq
                0x08001284       0xd4 build/stm32f4xx_hal_rcc.o
                0x08001284                HAL_RCC_GetSysClockFreq
 .text.HAL_RCC_ClockConfig
                0x08001358      0x160 build/stm32f4xx_hal_rcc.o
                0x08001358                HAL_RCC_ClockConfig
 .text.HAL_RCC_GetHCLKFreq
                0x080014b8        0xc build/stm32f4xx_hal_rcc.o
                0x080014b8                HAL_RCC_GetHCLKFreq
 .text.HAL_RCC_GetPCLK1Freq
                0x080014c4       0x20 build/stm32f4xx_hal_rcc.o
                0x080014c4                HAL_RCC_GetPCLK1Freq
 .text.HAL_RCC_GetPCLK2Freq
                0x080014e4       0x20 build/stm32f4xx_hal_rcc.o
                0x080014e4                HAL_RCC_GetPCLK2Freq
 .text.HAL_GPIO_Init
                0x08001504      0x1e4 build/stm32f4xx_hal_gpio.o
                0x08001504                HAL_GPIO_Init
 .text.HAL_GPIO_ReadPin
                0x080016e8        0xe build/stm32f4xx_hal_gpio.o
                0x080016e8                HAL_GPIO_ReadPin
 .text.HAL_GPIO_WritePin
                0x080016f6        0xc build/stm32f4xx_hal_gpio.o
                0x080016f6                HAL_GPIO_WritePin
 *fill*         0x08001702        0x2 
 .text.HAL_GPIO_EXTI_IRQHandler
                0x08001704       0x1c build/stm32f4xx_hal_gpio.o
                0x08001704                HAL_GPIO_EXTI_IRQHandler
 .text.DMA_SetConfig
                0x08001720       0x2c build/stm32f4xx_hal_dma.o
 .text.DMA_CalcBaseAndBitshift
                0x0800174c       0x44 build/stm32f4xx_hal_dma.o
 .text.DMA_CheckFifoParam
                0x08001790       0x8e build/stm32f4xx_hal_dma.o
 *fill*         0x0800181e        0x2 
 .text.HAL_DMA_Init
                0x08001820       0xcc build/stm32f4xx_hal_dma.o
                0x08001820                HAL_DMA_Init
 .text.HAL_DMA_Start_IT
                0x080018ec       0x6a build/stm32f4xx_hal_dma.o
                0x080018ec                HAL_DMA_Start_IT
 .text.HAL_DMA_Abort
                0x08001956       0x94 build/stm32f4xx_hal_dma.o
                0x08001956                HAL_DMA_Abort
 .text.HAL_DMA_Abort_IT
                0x080019ea       0x26 build/stm32f4xx_hal_dma.o
                0x080019ea                HAL_DMA_Abort_IT
 .text.HAL_DMA_IRQHandler
                0x08001a10      0x1dc build/stm32f4xx_hal_dma.o
                0x08001a10                HAL_DMA_IRQHandler
 .text.HAL_NVIC_SetPriorityGrouping
                0x08001bec       0x24 build/stm32f4xx_hal_cortex.o
                0x08001bec                HAL_NVIC_SetPriorityGrouping
 .text.HAL_NVIC_SetPriority
                0x08001c10       0x70 build/stm32f4xx_hal_cortex.o
                0x08001c10                HAL_NVIC_SetPriority
 .text.HAL_NVIC_EnableIRQ
                0x08001c80       0x1c build/stm32f4xx_hal_cortex.o
                0x08001c80                HAL_NVIC_EnableIRQ
 .text.HAL_SYSTICK_Config
                0x08001c9c       0x28 build/stm32f4xx_hal_cortex.o
                0x08001c9c                HAL_SYSTICK_Config
 .text.HAL_InitTick
                0x08001cc4       0x4c build/stm32f4xx_hal.o
                0x08001cc4                HAL_InitTick
 .text.HAL_Init
                0x08001d10       0x34 build/stm32f4xx_hal.o
                0x08001d10                HAL_Init
 .text.HAL_IncTick
                0x08001d44       0x18 build/stm32f4xx_hal.o
                0x08001d44                HAL_IncTick
 .text.HAL_GetTick
                0x08001d5c        0xc build/stm32f4xx_hal.o
                0x08001d5c                HAL_GetTick
 .text.UART_EndTxTransfer
                0x08001d68       0x20 build/stm32f4xx_hal_uart.o
 .text.UART_EndRxTransfer
                0x08001d88       0x5c build/stm32f4xx_hal_uart.o
 .text.UART_Transmit_IT
                0x08001de4       0x60 build/stm32f4xx_hal_uart.o
 .text.UART_SetConfig
                0x08001e44      0x110 build/stm32f4xx_hal_uart.o
 .text.UART_WaitOnFlagUntilTimeout
                0x08001f54       0x8a build/stm32f4xx_hal_uart.o
 .text.HAL_UART_Init
                0x08001fde       0x60 build/stm32f4xx_hal_uart.o
                0x08001fde                HAL_UART_Init
 .text.HAL_UART_Transmit
                0x0800203e       0xcc build/stm32f4xx_hal_uart.o
                0x0800203e                HAL_UART_Transmit
 .text.HAL_UART_Transmit_IT
                0x0800210a       0x38 build/stm32f4xx_hal_uart.o
                0x0800210a                HAL_UART_Transmit_IT
 *fill*         0x08002142        0x2 
 .text.HAL_UART_Transmit_DMA
                0x08002144       0x84 build/stm32f4xx_hal_uart.o
                0x08002144                HAL_UART_Transmit_DMA
 .text.UART_DMATransmitCplt
                0x080021c8       0x4c build/stm32f4xx_hal_uart.o
 .text.UART_EndTransmit_IT
                0x08002214       0x1a build/stm32f4xx_hal_uart.o
 .text.HAL_UART_TxHalfCpltCallback
                0x0800222e        0x2 build/stm32f4xx_hal_uart.o
                0x0800222e                HAL_UART_TxHalfCpltCallback
 .text.UART_DMATxHalfCplt
                0x08002230        0xa build/stm32f4xx_hal_uart.o
 .text.HAL_UART_RxHalfCpltCallback
                0x0800223a        0x2 build/stm32f4xx_hal_uart.o
                0x0800223a                HAL_UART_RxHalfCpltCallback
 .text.HAL_UART_ErrorCallback
                0x0800223c        0x2 build/stm32f4xx_hal_uart.o
                0x0800223c                HAL_UART_ErrorCallback
 .text.UART_DMAError
                0x0800223e       0x58 build/stm32f4xx_hal_uart.o
 .text.UART_DMAAbortOnError
                0x08002296       0x10 build/stm32f4xx_hal_uart.o
 .text.UART_Receive_IT
                0x080022a6       0xe6 build/stm32f4xx_hal_uart.o
 .text.HAL_UART_IRQHandler
                0x0800238c      0x288 build/stm32f4xx_hal_uart.o
                0x0800238c                HAL_UART_IRQHandler
 .text.UART_DMARxHalfCplt
                0x08002614       0x1e build/stm32f4xx_hal_uart.o
 .text.UART_DMAReceiveCplt
                0x08002632       0x9a build/stm32f4xx_hal_uart.o
 .text.UART_Start_Receive_IT
                0x080026cc       0x36 build/stm32f4xx_hal_uart.o
                0x080026cc                UART_Start_Receive_IT
 .text.HAL_UART_Receive_IT
                0x08002702       0x26 build/stm32f4xx_hal_uart.o
                0x08002702                HAL_UART_Receive_IT
 .text.UART_Start_Receive_DMA
                0x08002728       0xa4 build/stm32f4xx_hal_uart.o
                0x08002728                UART_Start_Receive_DMA
 .text.HAL_UARTEx_ReceiveToIdle_DMA
                0x080027cc       0x66 build/stm32f4xx_hal_uart.o
                0x080027cc                HAL_UARTEx_ReceiveToIdle_DMA
 .text.vListInitialise
                0x08002832       0x16 build/list.o
                0x08002832                vListInitialise
 .text.vListInitialiseItem
                0x08002848        0x6 build/list.o
                0x08002848                vListInitialiseItem
 .text.vListInsertEnd
                0x0800284e       0x16 build/list.o
                0x0800284e                vListInsertEnd
 .text.vListInsert
                0x08002864       0x32 build/list.o
                0x08002864                vListInsert
 .text.uxListRemove
                0x08002896       0x26 build/list.o
                0x08002896                uxListRemove
 .text.prvGetDisinheritPriorityAfterTimeout
                0x080028bc       0x10 build/queue.o
 .text.prvIsQueueFull
                0x080028cc       0x1e build/queue.o
 .text.prvIsQueueEmpty
                0x080028ea       0x1a build/queue.o
 .text.prvCopyDataToQueue
                0x08002904       0x76 build/queue.o
 .text.prvCopyDataFromQueue
                0x0800297a       0x24 build/queue.o
 .text.prvUnlockQueue
                0x0800299e       0x6e build/queue.o
 .text.xQueueGenericReset
                0x08002a0c       0x84 build/queue.o
                0x08002a0c                xQueueGenericReset
 .text.prvInitialiseNewQueue
                0x08002a90       0x22 build/queue.o
 .text.xQueueGenericCreateStatic
                0x08002ab2       0x94 build/queue.o
                0x08002ab2                xQueueGenericCreateStatic
 .text.xQueueGenericCreate
                0x08002b46       0x48 build/queue.o
                0x08002b46                xQueueGenericCreate
 .text.xQueueGenericSend
                0x08002b8e      0x188 build/queue.o
                0x08002b8e                xQueueGenericSend
 .text.xQueueGenericSendFromISR
                0x08002d16       0xce build/queue.o
                0x08002d16                xQueueGenericSendFromISR
 .text.xQueueGiveFromISR
                0x08002de4       0xb2 build/queue.o
                0x08002de4                xQueueGiveFromISR
 .text.xQueueReceive
                0x08002e96      0x15e build/queue.o
                0x08002e96                xQueueReceive
 .text.xQueueSemaphoreTake
                0x08002ff4      0x1a6 build/queue.o
                0x08002ff4                xQueueSemaphoreTake
 *fill*         0x0800319a        0x2 
 .text.vQueueAddToRegistry
                0x0800319c       0x28 build/queue.o
                0x0800319c                vQueueAddToRegistry
 .text.vQueueWaitForMessageRestricted
                0x080031c4       0x52 build/queue.o
                0x080031c4                vQueueWaitForMessageRestricted
 *fill*         0x08003216        0x2 
 .text.prvResetNextTaskUnblockTime
                0x08003218       0x2c build/tasks.o
 .text.prvInitialiseNewTask
                0x08003244       0xa6 build/tasks.o
 *fill*         0x080032ea        0x2 
 .text.prvInitialiseTaskLists
                0x080032ec       0x68 build/tasks.o
 .text.prvAddNewTaskToReadyList
                0x08003354       0xac build/tasks.o
 .text.prvDeleteTCB
                0x08003400       0x38 build/tasks.o
 .text.prvCheckTasksWaitingTermination
                0x08003438       0x4c build/tasks.o
 .text.prvIdleTask
                0x08003484       0x28 build/tasks.o
 .text.prvAddCurrentTaskToDelayedList
                0x080034ac       0x7c build/tasks.o
 .text.xTaskCreateStatic
                0x08003528       0x76 build/tasks.o
                0x08003528                xTaskCreateStatic
 .text.xTaskCreate
                0x0800359e       0x68 build/tasks.o
                0x0800359e                xTaskCreate
 *fill*         0x08003606        0x2 
 .text.vTaskDelete
                0x08003608       0xb8 build/tasks.o
                0x08003608                vTaskDelete
 .text.vTaskStartScheduler
                0x080036c0       0x9c build/tasks.o
                0x080036c0                vTaskStartScheduler
 .text.vTaskSuspendAll
                0x0800375c       0x10 build/tasks.o
                0x0800375c                vTaskSuspendAll
 .text.xTaskGetTickCount
                0x0800376c        0xc build/tasks.o
                0x0800376c                xTaskGetTickCount
 .text.xTaskIncrementTick
                0x08003778      0x118 build/tasks.o
                0x08003778                xTaskIncrementTick
 .text.xTaskResumeAll
                0x08003890       0xf8 build/tasks.o
                0x08003890                xTaskResumeAll
 .text.vTaskDelay
                0x08003988       0x4c build/tasks.o
                0x08003988                vTaskDelay
 .text.vTaskSwitchContext
                0x080039d4       0x94 build/tasks.o
                0x080039d4                vTaskSwitchContext
 .text.vTaskPlaceOnEventList
                0x08003a68       0x30 build/tasks.o
                0x08003a68                vTaskPlaceOnEventList
 .text.vTaskPlaceOnEventListRestricted
                0x08003a98       0x38 build/tasks.o
                0x08003a98                vTaskPlaceOnEventListRestricted
 .text.xTaskRemoveFromEventList
                0x08003ad0       0x8c build/tasks.o
                0x08003ad0                xTaskRemoveFromEventList
 .text.vTaskInternalSetTimeOutState
                0x08003b5c       0x18 build/tasks.o
                0x08003b5c                vTaskInternalSetTimeOutState
 .text.xTaskCheckForTimeOut
                0x08003b74       0x84 build/tasks.o
                0x08003b74                xTaskCheckForTimeOut
 .text.vTaskMissedYield
                0x08003bf8        0xc build/tasks.o
                0x08003bf8                vTaskMissedYield
 .text.xTaskGetSchedulerState
                0x08003c04       0x20 build/tasks.o
                0x08003c04                xTaskGetSchedulerState
 .text.xTaskPriorityInherit
                0x08003c24       0x98 build/tasks.o
                0x08003c24                xTaskPriorityInherit
 .text.xTaskPriorityDisinherit
                0x08003cbc       0x90 build/tasks.o
                0x08003cbc                xTaskPriorityDisinherit
 .text.vTaskPriorityDisinheritAfterTimeout
                0x08003d4c       0xa0 build/tasks.o
                0x08003d4c                vTaskPriorityDisinheritAfterTimeout
 .text.pvTaskIncrementMutexHeldCount
                0x08003dec       0x1c build/tasks.o
                0x08003dec                pvTaskIncrementMutexHeldCount
 .text.prvGetNextExpireTime
                0x08003e08       0x20 build/timers.o
 .text.prvInsertTimerInActiveList
                0x08003e28       0x48 build/timers.o
 .text.prvCheckForValidListAndQueue
                0x08003e70       0x70 build/timers.o
 .text.xTimerCreateTimerTask
                0x08003ee0       0x64 build/timers.o
                0x08003ee0                xTimerCreateTimerTask
 .text.xTimerGenericCommand
                0x08003f44       0x6c build/timers.o
                0x08003f44                xTimerGenericCommand
 .text.prvSwitchTimerLists
                0x08003fb0       0x7c build/timers.o
 .text.prvSampleTimeNow
                0x0800402c       0x2c build/timers.o
 .text.prvProcessExpiredTimer
                0x08004058       0x6c build/timers.o
 .text.prvProcessTimerOrBlockTask
                0x080040c4       0x74 build/timers.o
 .text.prvProcessReceivedCommands
                0x08004138      0x10c build/timers.o
 .text.prvTimerTask
                0x08004244       0x16 build/timers.o
 *fill*         0x0800425a        0x2 
 .text.osKernelInitialize
                0x0800425c       0x24 build/cmsis_os2.o
                0x0800425c                osKernelInitialize
 .text.osKernelStart
                0x08004280       0x38 build/cmsis_os2.o
                0x08004280                osKernelStart
 .text.vApplicationGetIdleTaskMemory
                0x080042b8       0x18 build/cmsis_os2.o
                0x080042b8                vApplicationGetIdleTaskMemory
 .text.vApplicationGetTimerTaskMemory
                0x080042d0       0x18 build/cmsis_os2.o
                0x080042d0                vApplicationGetTimerTaskMemory
 .text.prvHeapInit
                0x080042e8       0x64 build/heap_4.o
 .text.prvInsertBlockIntoFreeList
                0x0800434c       0x64 build/heap_4.o
 .text.pvPortMalloc
                0x080043b0       0xfc build/heap_4.o
                0x080043b0                pvPortMalloc
 .text.vPortFree
                0x080044ac       0x7c build/heap_4.o
                0x080044ac                vPortFree
 .text.prvTaskExitError
                0x08004528       0x40 build/port.o
 .text.prvPortStartFirstTask
                0x08004568       0x28 build/port.o
 .text.vPortEnableVFP
                0x08004590       0x14 build/port.o
 .text.pxPortInitialiseStack
                0x080045a4       0x2c build/port.o
                0x080045a4                pxPortInitialiseStack
 .text.SVC_Handler
                0x080045d0       0x24 build/port.o
                0x080045d0                SVC_Handler
 .text.vPortEnterCritical
                0x080045f4       0x44 build/port.o
                0x080045f4                vPortEnterCritical
 .text.vPortExitCritical
                0x08004638       0x2c build/port.o
                0x08004638                vPortExitCritical
 *fill*         0x08004664        0xc 
 .text.PendSV_Handler
                0x08004670       0x64 build/port.o
                0x08004670                PendSV_Handler
 .text.xPortSysTickHandler
                0x080046d4       0x2c build/port.o
                0x080046d4                xPortSysTickHandler
 .text.vPortSetupTimerInterrupt
                0x08004700       0x28 build/port.o
                0x08004700                vPortSetupTimerInterrupt
 .text.xPortStartScheduler
                0x08004728      0x118 build/port.o
                0x08004728                xPortStartScheduler
 .text.vPortValidateInterruptPriority
                0x08004840       0x5c build/port.o
                0x08004840                vPortValidateInterruptPriority
 .text.Reset_Handler
                0x0800489c       0x50 build/startup_stm32f407xx.o
                0x0800489c                Reset_Handler
 .text.Default_Handler
                0x080048ec        0x2 build/startup_stm32f407xx.o
                0x080048ec                RTC_Alarm_IRQHandler
                0x080048ec                HASH_RNG_IRQHandler
                0x080048ec                TIM8_CC_IRQHandler
                0x080048ec                TIM1_CC_IRQHandler
                0x080048ec                DMA2_Stream5_IRQHandler
                0x080048ec                DMA1_Stream5_IRQHandler
                0x080048ec                PVD_IRQHandler
                0x080048ec                SDIO_IRQHandler
                0x080048ec                TAMP_STAMP_IRQHandler
                0x080048ec                CAN2_RX1_IRQHandler
                0x080048ec                TIM8_TRG_COM_TIM14_IRQHandler
                0x080048ec                TIM1_UP_TIM10_IRQHandler
                0x080048ec                TIM8_UP_TIM13_IRQHandler
                0x080048ec                I2C3_ER_IRQHandler
                0x080048ec                EXTI0_IRQHandler
                0x080048ec                I2C2_EV_IRQHandler
                0x080048ec                DMA1_Stream2_IRQHandler
                0x080048ec                CAN1_RX0_IRQHandler
                0x080048ec                FPU_IRQHandler
                0x080048ec                OTG_HS_WKUP_IRQHandler
                0x080048ec                CAN2_SCE_IRQHandler
                0x080048ec                SPI1_IRQHandler
                0x080048ec                TIM6_DAC_IRQHandler
                0x080048ec                TIM1_BRK_TIM9_IRQHandler
                0x080048ec                DCMI_IRQHandler
                0x080048ec                CAN2_RX0_IRQHandler
                0x080048ec                DMA2_Stream3_IRQHandler
                0x080048ec                USART6_IRQHandler
                0x080048ec                USART3_IRQHandler
                0x080048ec                CAN1_RX1_IRQHandler
                0x080048ec                UART5_IRQHandler
                0x080048ec                DMA2_Stream0_IRQHandler
                0x080048ec                TIM4_IRQHandler
                0x080048ec                I2C1_EV_IRQHandler
                0x080048ec                DMA1_Stream6_IRQHandler
                0x080048ec                DMA1_Stream1_IRQHandler
                0x080048ec                UART4_IRQHandler
                0x080048ec                TIM3_IRQHandler
                0x080048ec                RCC_IRQHandler
                0x080048ec                TIM8_BRK_TIM12_IRQHandler
                0x080048ec                Default_Handler
                0x080048ec                EXTI15_10_IRQHandler
                0x080048ec                ADC_IRQHandler
                0x080048ec                DMA1_Stream7_IRQHandler
                0x080048ec                TIM7_IRQHandler
                0x080048ec                CAN2_TX_IRQHandler
                0x080048ec                TIM5_IRQHandler
                0x080048ec                I2C3_EV_IRQHandler
                0x080048ec                EXTI9_5_IRQHandler
                0x080048ec                RTC_WKUP_IRQHandler
                0x080048ec                ETH_WKUP_IRQHandler
                0x080048ec                SPI2_IRQHandler
                0x080048ec                OTG_HS_EP1_IN_IRQHandler
                0x080048ec                DMA1_Stream0_IRQHandler
                0x080048ec                CAN1_TX_IRQHandler
                0x080048ec                FSMC_IRQHandler
                0x080048ec                ETH_IRQHandler
                0x080048ec                OTG_HS_EP1_OUT_IRQHandler
                0x080048ec                WWDG_IRQHandler
                0x080048ec                TIM2_IRQHandler
                0x080048ec                OTG_FS_WKUP_IRQHandler
                0x080048ec                TIM1_TRG_COM_TIM11_IRQHandler
                0x080048ec                OTG_HS_IRQHandler
                0x080048ec                EXTI1_IRQHandler
                0x080048ec                USART2_IRQHandler
                0x080048ec                I2C2_ER_IRQHandler
                0x080048ec                DMA2_Stream1_IRQHandler
                0x080048ec                CAN1_SCE_IRQHandler
                0x080048ec                FLASH_IRQHandler
                0x080048ec                DMA2_Stream4_IRQHandler
                0x080048ec                OTG_FS_IRQHandler
                0x080048ec                SPI3_IRQHandler
                0x080048ec                DMA1_Stream4_IRQHandler
                0x080048ec                I2C1_ER_IRQHandler
                0x080048ec                DMA2_Stream6_IRQHandler
                0x080048ec                DMA1_Stream3_IRQHandler
 *fill*         0x080048ee        0x2 
 .text.__errno  0x080048f0        0xc d:/program files (x86)/gnutools/gcc-arm-none-eabi-win32/bin/../lib/gcc/arm-none-eabi/10.3.1/../../../../arm-none-eabi/lib/thumb/v7e-m+fp/hard\libc_nano.a(lib_a-errno.o)
                0x080048f0                __errno
 .text.__libc_init_array
                0x080048fc       0x48 d:/program files (x86)/gnutools/gcc-arm-none-eabi-win32/bin/../lib/gcc/arm-none-eabi/10.3.1/../../../../arm-none-eabi/lib/thumb/v7e-m+fp/hard\libc_nano.a(lib_a-init.o)
                0x080048fc                __libc_init_array
 .text.memcpy   0x08004944       0x1c d:/program files (x86)/gnutools/gcc-arm-none-eabi-win32/bin/../lib/gcc/arm-none-eabi/10.3.1/../../../../arm-none-eabi/lib/thumb/v7e-m+fp/hard\libc_nano.a(lib_a-memcpy-stub.o)
                0x08004944                memcpy
 .text.memset   0x08004960       0x10 d:/program files (x86)/gnutools/gcc-arm-none-eabi-win32/bin/../lib/gcc/arm-none-eabi/10.3.1/../../../../arm-none-eabi/lib/thumb/v7e-m+fp/hard\libc_nano.a(lib_a-memset.o)
                0x08004960                memset
 .text.printf   0x08004970       0x30 d:/program files (x86)/gnutools/gcc-arm-none-eabi-win32/bin/../lib/gcc/arm-none-eabi/10.3.1/../../../../arm-none-eabi/lib/thumb/v7e-m+fp/hard\libc_nano.a(lib_a-printf.o)
                0x08004970                iprintf
                0x08004970                printf
 .text._puts_r  0x080049a0       0xdc d:/program files (x86)/gnutools/gcc-arm-none-eabi-win32/bin/../lib/gcc/arm-none-eabi/10.3.1/../../../../arm-none-eabi/lib/thumb/v7e-m+fp/hard\libc_nano.a(lib_a-puts.o)
                0x080049a0                _puts_r
 .text.puts     0x08004a7c       0x10 d:/program files (x86)/gnutools/gcc-arm-none-eabi-win32/bin/../lib/gcc/arm-none-eabi/10.3.1/../../../../arm-none-eabi/lib/thumb/v7e-m+fp/hard\libc_nano.a(lib_a-puts.o)
                0x08004a7c                puts
 .text.__swbuf_r
                0x08004a8c       0xa4 d:/program files (x86)/gnutools/gcc-arm-none-eabi-win32/bin/../lib/gcc/arm-none-eabi/10.3.1/../../../../arm-none-eabi/lib/thumb/v7e-m+fp/hard\libc_nano.a(lib_a-wbuf.o)
                0x08004a8c                __swbuf_r
 .text.__swsetup_r
                0x08004b30       0xdc d:/program files (x86)/gnutools/gcc-arm-none-eabi-win32/bin/../lib/gcc/arm-none-eabi/10.3.1/../../../../arm-none-eabi/lib/thumb/v7e-m+fp/hard\libc_nano.a(lib_a-wsetup.o)
                0x08004b30                __swsetup_r
 .text.__sflush_r
                0x08004c0c      0x10c d:/program files (x86)/gnutools/gcc-arm-none-eabi-win32/bin/../lib/gcc/arm-none-eabi/10.3.1/../../../../arm-none-eabi/lib/thumb/v7e-m+fp/hard\libc_nano.a(lib_a-fflush.o)
                0x08004c0c                __sflush_r
 .text._fflush_r
                0x08004d18       0x78 d:/program files (x86)/gnutools/gcc-arm-none-eabi-win32/bin/../lib/gcc/arm-none-eabi/10.3.1/../../../../arm-none-eabi/lib/thumb/v7e-m+fp/hard\libc_nano.a(lib_a-fflush.o)
                0x08004d18                _fflush_r
 .text.std      0x08004d90       0x48 d:/program files (x86)/gnutools/gcc-arm-none-eabi-win32/bin/../lib/gcc/arm-none-eabi/10.3.1/../../../../arm-none-eabi/lib/thumb/v7e-m+fp/hard\libc_nano.a(lib_a-findfp.o)
 .text._cleanup_r
                0x08004dd8        0xc d:/program files (x86)/gnutools/gcc-arm-none-eabi-win32/bin/../lib/gcc/arm-none-eabi/10.3.1/../../../../arm-none-eabi/lib/thumb/v7e-m+fp/hard\libc_nano.a(lib_a-findfp.o)
                0x08004dd8                _cleanup_r
 .text.__sfmoreglue
                0x08004de4       0x2c d:/program files (x86)/gnutools/gcc-arm-none-eabi-win32/bin/../lib/gcc/arm-none-eabi/10.3.1/../../../../arm-none-eabi/lib/thumb/v7e-m+fp/hard\libc_nano.a(lib_a-findfp.o)
                0x08004de4                __sfmoreglue
 .text.__sfp_lock_acquire
                0x08004e10        0xc d:/program files (x86)/gnutools/gcc-arm-none-eabi-win32/bin/../lib/gcc/arm-none-eabi/10.3.1/../../../../arm-none-eabi/lib/thumb/v7e-m+fp/hard\libc_nano.a(lib_a-findfp.o)
                0x08004e10                __sfp_lock_acquire
 .text.__sfp_lock_release
                0x08004e1c        0xc d:/program files (x86)/gnutools/gcc-arm-none-eabi-win32/bin/../lib/gcc/arm-none-eabi/10.3.1/../../../../arm-none-eabi/lib/thumb/v7e-m+fp/hard\libc_nano.a(lib_a-findfp.o)
                0x08004e1c                __sfp_lock_release
 .text.__sinit_lock_acquire
                0x08004e28        0xc d:/program files (x86)/gnutools/gcc-arm-none-eabi-win32/bin/../lib/gcc/arm-none-eabi/10.3.1/../../../../arm-none-eabi/lib/thumb/v7e-m+fp/hard\libc_nano.a(lib_a-findfp.o)
                0x08004e28                __sinit_lock_acquire
 .text.__sinit_lock_release
                0x08004e34        0xc d:/program files (x86)/gnutools/gcc-arm-none-eabi-win32/bin/../lib/gcc/arm-none-eabi/10.3.1/../../../../arm-none-eabi/lib/thumb/v7e-m+fp/hard\libc_nano.a(lib_a-findfp.o)
                0x08004e34                __sinit_lock_release
 .text.__sinit  0x08004e40       0x70 d:/program files (x86)/gnutools/gcc-arm-none-eabi-win32/bin/../lib/gcc/arm-none-eabi/10.3.1/../../../../arm-none-eabi/lib/thumb/v7e-m+fp/hard\libc_nano.a(lib_a-findfp.o)
                0x08004e40                __sinit
 .text.__sfp    0x08004eb0       0x8c d:/program files (x86)/gnutools/gcc-arm-none-eabi-win32/bin/../lib/gcc/arm-none-eabi/10.3.1/../../../../arm-none-eabi/lib/thumb/v7e-m+fp/hard\libc_nano.a(lib_a-findfp.o)
                0x08004eb0                __sfp
 .text._fwalk_reent
                0x08004f3c       0x3e d:/program files (x86)/gnutools/gcc-arm-none-eabi-win32/bin/../lib/gcc/arm-none-eabi/10.3.1/../../../../arm-none-eabi/lib/thumb/v7e-m+fp/hard\libc_nano.a(lib_a-fwalk.o)
                0x08004f3c                _fwalk_reent
 .text.__retarget_lock_init_recursive
                0x08004f7a        0x2 d:/program files (x86)/gnutools/gcc-arm-none-eabi-win32/bin/../lib/gcc/arm-none-eabi/10.3.1/../../../../arm-none-eabi/lib/thumb/v7e-m+fp/hard\libc_nano.a(lib_a-lock.o)
                0x08004f7a                __retarget_lock_init_recursive
 .text.__retarget_lock_acquire_recursive
                0x08004f7c        0x2 d:/program files (x86)/gnutools/gcc-arm-none-eabi-win32/bin/../lib/gcc/arm-none-eabi/10.3.1/../../../../arm-none-eabi/lib/thumb/v7e-m+fp/hard\libc_nano.a(lib_a-lock.o)
                0x08004f7c                __retarget_lock_acquire_recursive
 .text.__retarget_lock_release_recursive
                0x08004f7e        0x2 d:/program files (x86)/gnutools/gcc-arm-none-eabi-win32/bin/../lib/gcc/arm-none-eabi/10.3.1/../../../../arm-none-eabi/lib/thumb/v7e-m+fp/hard\libc_nano.a(lib_a-lock.o)
                0x08004f7e                __retarget_lock_release_recursive
 .text.__swhatbuf_r
                0x08004f80       0x4a d:/program files (x86)/gnutools/gcc-arm-none-eabi-win32/bin/../lib/gcc/arm-none-eabi/10.3.1/../../../../arm-none-eabi/lib/thumb/v7e-m+fp/hard\libc_nano.a(lib_a-makebuf.o)
                0x08004f80                __swhatbuf_r
 *fill*         0x08004fca        0x2 
 .text.__smakebuf_r
                0x08004fcc       0x80 d:/program files (x86)/gnutools/gcc-arm-none-eabi-win32/bin/../lib/gcc/arm-none-eabi/10.3.1/../../../../arm-none-eabi/lib/thumb/v7e-m+fp/hard\libc_nano.a(lib_a-makebuf.o)
                0x08004fcc                __smakebuf_r
 .text._free_r  0x0800504c       0x98 d:/program files (x86)/gnutools/gcc-arm-none-eabi-win32/bin/../lib/gcc/arm-none-eabi/10.3.1/../../../../arm-none-eabi/lib/thumb/v7e-m+fp/hard\libc_nano.a(lib_a-nano-freer.o)
                0x0800504c                _free_r
 .text.sbrk_aligned
                0x080050e4       0x40 d:/program files (x86)/gnutools/gcc-arm-none-eabi-win32/bin/../lib/gcc/arm-none-eabi/10.3.1/../../../../arm-none-eabi/lib/thumb/v7e-m+fp/hard\libc_nano.a(lib_a-nano-mallocr.o)
 .text._malloc_r
                0x08005124       0xe8 d:/program files (x86)/gnutools/gcc-arm-none-eabi-win32/bin/../lib/gcc/arm-none-eabi/10.3.1/../../../../arm-none-eabi/lib/thumb/v7e-m+fp/hard\libc_nano.a(lib_a-nano-mallocr.o)
                0x08005124                _malloc_r
 .text.__sfputc_r
                0x0800520c       0x2e d:/program files (x86)/gnutools/gcc-arm-none-eabi-win32/bin/../lib/gcc/arm-none-eabi/10.3.1/../../../../arm-none-eabi/lib/thumb/v7e-m+fp/hard\libc_nano.a(lib_a-nano-vfprintf.o)
 .text.__sfputs_r
                0x0800523a       0x24 d:/program files (x86)/gnutools/gcc-arm-none-eabi-win32/bin/../lib/gcc/arm-none-eabi/10.3.1/../../../../arm-none-eabi/lib/thumb/v7e-m+fp/hard\libc_nano.a(lib_a-nano-vfprintf.o)
                0x0800523a                __sfputs_r
 *fill*         0x0800525e        0x2 
 .text._vfprintf_r
                0x08005260      0x260 d:/program files (x86)/gnutools/gcc-arm-none-eabi-win32/bin/../lib/gcc/arm-none-eabi/10.3.1/../../../../arm-none-eabi/lib/thumb/v7e-m+fp/hard\libc_nano.a(lib_a-nano-vfprintf.o)
                0x08005260                _vfprintf_r
                0x08005260                _vfiprintf_r
 .text._printf_common
                0x080054c0       0xda d:/program files (x86)/gnutools/gcc-arm-none-eabi-win32/bin/../lib/gcc/arm-none-eabi/10.3.1/../../../../arm-none-eabi/lib/thumb/v7e-m+fp/hard\libc_nano.a(lib_a-nano-vfprintf_i.o)
                0x080054c0                _printf_common
 *fill*         0x0800559a        0x2 
 .text._printf_i
                0x0800559c      0x24c d:/program files (x86)/gnutools/gcc-arm-none-eabi-win32/bin/../lib/gcc/arm-none-eabi/10.3.1/../../../../arm-none-eabi/lib/thumb/v7e-m+fp/hard\libc_nano.a(lib_a-nano-vfprintf_i.o)
                0x0800559c                _printf_i
 .text._sbrk_r  0x080057e8       0x20 d:/program files (x86)/gnutools/gcc-arm-none-eabi-win32/bin/../lib/gcc/arm-none-eabi/10.3.1/../../../../arm-none-eabi/lib/thumb/v7e-m+fp/hard\libc_nano.a(lib_a-sbrkr.o)
                0x080057e8                _sbrk_r
 .text.__sread  0x08005808       0x22 d:/program files (x86)/gnutools/gcc-arm-none-eabi-win32/bin/../lib/gcc/arm-none-eabi/10.3.1/../../../../arm-none-eabi/lib/thumb/v7e-m+fp/hard\libc_nano.a(lib_a-stdio.o)
                0x08005808                __sread
 .text.__swrite
                0x0800582a       0x38 d:/program files (x86)/gnutools/gcc-arm-none-eabi-win32/bin/../lib/gcc/arm-none-eabi/10.3.1/../../../../arm-none-eabi/lib/thumb/v7e-m+fp/hard\libc_nano.a(lib_a-stdio.o)
                0x0800582a                __swrite
 .text.__sseek  0x08005862       0x24 d:/program files (x86)/gnutools/gcc-arm-none-eabi-win32/bin/../lib/gcc/arm-none-eabi/10.3.1/../../../../arm-none-eabi/lib/thumb/v7e-m+fp/hard\libc_nano.a(lib_a-stdio.o)
                0x08005862                __sseek
 .text.__sclose
                0x08005886        0x8 d:/program files (x86)/gnutools/gcc-arm-none-eabi-win32/bin/../lib/gcc/arm-none-eabi/10.3.1/../../../../arm-none-eabi/lib/thumb/v7e-m+fp/hard\libc_nano.a(lib_a-stdio.o)
                0x08005886                __sclose
 *fill*         0x0800588e        0x2 
 .text._write_r
                0x08005890       0x24 d:/program files (x86)/gnutools/gcc-arm-none-eabi-win32/bin/../lib/gcc/arm-none-eabi/10.3.1/../../../../arm-none-eabi/lib/thumb/v7e-m+fp/hard\libc_nano.a(lib_a-writer.o)
                0x08005890                _write_r
 .text._close_r
                0x080058b4       0x20 d:/program files (x86)/gnutools/gcc-arm-none-eabi-win32/bin/../lib/gcc/arm-none-eabi/10.3.1/../../../../arm-none-eabi/lib/thumb/v7e-m+fp/hard\libc_nano.a(lib_a-closer.o)
                0x080058b4                _close_r
 .text._fstat_r
                0x080058d4       0x24 d:/program files (x86)/gnutools/gcc-arm-none-eabi-win32/bin/../lib/gcc/arm-none-eabi/10.3.1/../../../../arm-none-eabi/lib/thumb/v7e-m+fp/hard\libc_nano.a(lib_a-fstatr.o)
                0x080058d4                _fstat_r
 .text._isatty_r
                0x080058f8       0x20 d:/program files (x86)/gnutools/gcc-arm-none-eabi-win32/bin/../lib/gcc/arm-none-eabi/10.3.1/../../../../arm-none-eabi/lib/thumb/v7e-m+fp/hard\libc_nano.a(lib_a-isattyr.o)
                0x080058f8                _isatty_r
 .text._lseek_r
                0x08005918       0x24 d:/program files (x86)/gnutools/gcc-arm-none-eabi-win32/bin/../lib/gcc/arm-none-eabi/10.3.1/../../../../arm-none-eabi/lib/thumb/v7e-m+fp/hard\libc_nano.a(lib_a-lseekr.o)
                0x08005918                _lseek_r
 .text.__malloc_lock
                0x0800593c        0xc d:/program files (x86)/gnutools/gcc-arm-none-eabi-win32/bin/../lib/gcc/arm-none-eabi/10.3.1/../../../../arm-none-eabi/lib/thumb/v7e-m+fp/hard\libc_nano.a(lib_a-mlock.o)
                0x0800593c                __malloc_lock
 .text.__malloc_unlock
                0x08005948        0xc d:/program files (x86)/gnutools/gcc-arm-none-eabi-win32/bin/../lib/gcc/arm-none-eabi/10.3.1/../../../../arm-none-eabi/lib/thumb/v7e-m+fp/hard\libc_nano.a(lib_a-mlock.o)
                0x08005948                __malloc_unlock
 .text._read_r  0x08005954       0x24 d:/program files (x86)/gnutools/gcc-arm-none-eabi-win32/bin/../lib/gcc/arm-none-eabi/10.3.1/../../../../arm-none-eabi/lib/thumb/v7e-m+fp/hard\libc_nano.a(lib_a-readr.o)
                0x08005954                _read_r
 *(.glue_7)
 .glue_7        0x08005978        0x0 linker stubs
 *(.glue_7t)
 .glue_7t       0x08005978        0x0 linker stubs
 *(.eh_frame)
 .eh_frame      0x08005978        0x0 d:/program files (x86)/gnutools/gcc-arm-none-eabi-win32/bin/../lib/gcc/arm-none-eabi/10.3.1/thumb/v7e-m+fp/hard/crtbegin.o
 *(.init)
 .init          0x08005978        0x4 d:/program files (x86)/gnutools/gcc-arm-none-eabi-win32/bin/../lib/gcc/arm-none-eabi/10.3.1/thumb/v7e-m+fp/hard/crti.o
                0x08005978                _init
 .init          0x0800597c        0x8 d:/program files (x86)/gnutools/gcc-arm-none-eabi-win32/bin/../lib/gcc/arm-none-eabi/10.3.1/thumb/v7e-m+fp/hard/crtn.o
 *(.fini)
 .fini          0x08005984        0x4 d:/program files (x86)/gnutools/gcc-arm-none-eabi-win32/bin/../lib/gcc/arm-none-eabi/10.3.1/thumb/v7e-m+fp/hard/crti.o
                0x08005984                _fini
 .fini          0x08005988        0x8 d:/program files (x86)/gnutools/gcc-arm-none-eabi-win32/bin/../lib/gcc/arm-none-eabi/10.3.1/thumb/v7e-m+fp/hard/crtn.o
                0x08005990                . = ALIGN (0x4)
                0x08005990                _etext = .

.vfp11_veneer   0x08005990        0x0
 .vfp11_veneer  0x08005990        0x0 linker stubs

.v4_bx          0x08005990        0x0
 .v4_bx         0x08005990        0x0 linker stubs

.iplt           0x08005990        0x0
 .iplt          0x08005990        0x0 d:/program files (x86)/gnutools/gcc-arm-none-eabi-win32/bin/../lib/gcc/arm-none-eabi/10.3.1/thumb/v7e-m+fp/hard/crtbegin.o

.rodata         0x08005990      0x144
                0x08005990                . = ALIGN (0x4)
 *(.rodata)
 *(.rodata*)
 .rodata.start_task.str1.4
                0x08005990       0x16 build/freertos.o
 *fill*         0x080059a6        0x2 
 .rodata.task2.str1.4
                0x080059a8       0x35 build/freertos.o
 *fill*         0x080059dd        0x3 
 .rodata.task3.str1.4
                0x080059e0       0x16 build/freertos.o
 *fill*         0x080059f6        0x2 
 .rodata.MX_FREERTOS_Init.str1.4
                0x080059f8        0xb build/freertos.o
 *fill*         0x08005a03        0x1 
 .rodata.AHBPrescTable
                0x08005a04       0x10 build/system_stm32f4xx.o
                0x08005a04                AHBPrescTable
 .rodata.APBPrescTable
                0x08005a14        0x8 build/system_stm32f4xx.o
                0x08005a14                APBPrescTable
 .rodata.flagBitshiftOffset.0
                0x08005a1c        0x8 build/stm32f4xx_hal_dma.o
 .rodata.vTaskStartScheduler.str1.4
                0x08005a24        0x5 build/tasks.o
 *fill*         0x08005a29        0x3 
 .rodata.prvCheckForValidListAndQueue.str1.4
                0x08005a2c        0x5 build/timers.o
 *fill*         0x08005a31        0x3 
 .rodata.xTimerCreateTimerTask.str1.4
                0x08005a34        0x8 build/timers.o
 .rodata._global_impure_ptr
                0x08005a3c        0x4 d:/program files (x86)/gnutools/gcc-arm-none-eabi-win32/bin/../lib/gcc/arm-none-eabi/10.3.1/../../../../arm-none-eabi/lib/thumb/v7e-m+fp/hard\libc_nano.a(lib_a-impure.o)
                0x08005a3c                _global_impure_ptr
 .rodata.__sf_fake_stderr
                0x08005a40       0x20 d:/program files (x86)/gnutools/gcc-arm-none-eabi-win32/bin/../lib/gcc/arm-none-eabi/10.3.1/../../../../arm-none-eabi/lib/thumb/v7e-m+fp/hard\libc_nano.a(lib_a-findfp.o)
                0x08005a40                __sf_fake_stderr
 .rodata.__sf_fake_stdin
                0x08005a60       0x20 d:/program files (x86)/gnutools/gcc-arm-none-eabi-win32/bin/../lib/gcc/arm-none-eabi/10.3.1/../../../../arm-none-eabi/lib/thumb/v7e-m+fp/hard\libc_nano.a(lib_a-findfp.o)
                0x08005a60                __sf_fake_stdin
 .rodata.__sf_fake_stdout
                0x08005a80       0x20 d:/program files (x86)/gnutools/gcc-arm-none-eabi-win32/bin/../lib/gcc/arm-none-eabi/10.3.1/../../../../arm-none-eabi/lib/thumb/v7e-m+fp/hard\libc_nano.a(lib_a-findfp.o)
                0x08005a80                __sf_fake_stdout
 .rodata._vfprintf_r.str1.1
                0x08005aa0       0x11 d:/program files (x86)/gnutools/gcc-arm-none-eabi-win32/bin/../lib/gcc/arm-none-eabi/10.3.1/../../../../arm-none-eabi/lib/thumb/v7e-m+fp/hard\libc_nano.a(lib_a-nano-vfprintf.o)
 .rodata._printf_i.str1.1
                0x08005ab1       0x22 d:/program files (x86)/gnutools/gcc-arm-none-eabi-win32/bin/../lib/gcc/arm-none-eabi/10.3.1/../../../../arm-none-eabi/lib/thumb/v7e-m+fp/hard\libc_nano.a(lib_a-nano-vfprintf_i.o)
                0x08005ad4                . = ALIGN (0x4)
 *fill*         0x08005ad3        0x1 

.ARM.extab
 *(.ARM.extab* .gnu.linkonce.armextab.*)

.ARM            0x08005ad4        0x8
                0x08005ad4                __exidx_start = .
 *(.ARM.exidx*)
 .ARM.exidx     0x08005ad4        0x8 d:/program files (x86)/gnutools/gcc-arm-none-eabi-win32/bin/../lib/gcc/arm-none-eabi/10.3.1/thumb/v7e-m+fp/hard\libgcc.a(_udivmoddi4.o)
                0x08005adc                __exidx_end = .

.rel.dyn        0x08005adc        0x0
 .rel.iplt      0x08005adc        0x0 d:/program files (x86)/gnutools/gcc-arm-none-eabi-win32/bin/../lib/gcc/arm-none-eabi/10.3.1/thumb/v7e-m+fp/hard/crtbegin.o

.preinit_array  0x08005adc        0x0
                0x08005adc                PROVIDE (__preinit_array_start = .)
 *(.preinit_array*)
                0x08005adc                PROVIDE (__preinit_array_end = .)

.init_array     0x08005adc        0x4
                0x08005adc                PROVIDE (__init_array_start = .)
 *(SORT_BY_NAME(.init_array.*))
 *(.init_array*)
 .init_array    0x08005adc        0x4 d:/program files (x86)/gnutools/gcc-arm-none-eabi-win32/bin/../lib/gcc/arm-none-eabi/10.3.1/thumb/v7e-m+fp/hard/crtbegin.o
                0x08005ae0                PROVIDE (__init_array_end = .)

.fini_array     0x08005ae0        0x4
                [!provide]                PROVIDE (__fini_array_start = .)
 *(SORT_BY_NAME(.fini_array.*))
 *(.fini_array*)
 .fini_array    0x08005ae0        0x4 d:/program files (x86)/gnutools/gcc-arm-none-eabi-win32/bin/../lib/gcc/arm-none-eabi/10.3.1/thumb/v7e-m+fp/hard/crtbegin.o
                [!provide]                PROVIDE (__fini_array_end = .)
                0x08005ae4                _sidata = LOADADDR (.data)

.data           0x20000000       0xbc load address 0x08005ae4
                0x20000000                . = ALIGN (0x4)
                0x20000000                _sdata = .
 *(.data)
 *(.data*)
 .data.stm32_uart1
                0x20000000       0x10 build/usart.o
                0x20000000                stm32_uart1
 .data.uart1_data
                0x20000010       0x38 build/usart.o
 .data.SystemCoreClock
                0x20000048        0x4 build/system_stm32f4xx.o
                0x20000048                SystemCoreClock
 .data.uwTickFreq
                0x2000004c        0x1 build/stm32f4xx_hal.o
                0x2000004c                uwTickFreq
 *fill*         0x2000004d        0x3 
 .data.uwTickPrio
                0x20000050        0x4 build/stm32f4xx_hal.o
                0x20000050                uwTickPrio
 .data.uxCriticalNesting
                0x20000054        0x4 build/port.o
 .data._impure_ptr
                0x20000058        0x4 d:/program files (x86)/gnutools/gcc-arm-none-eabi-win32/bin/../lib/gcc/arm-none-eabi/10.3.1/../../../../arm-none-eabi/lib/thumb/v7e-m+fp/hard\libc_nano.a(lib_a-impure.o)
                0x20000058                _impure_ptr
 .data.impure_data
                0x2000005c       0x60 d:/program files (x86)/gnutools/gcc-arm-none-eabi-win32/bin/../lib/gcc/arm-none-eabi/10.3.1/../../../../arm-none-eabi/lib/thumb/v7e-m+fp/hard\libc_nano.a(lib_a-impure.o)
                0x200000bc                . = ALIGN (0x4)
                0x200000bc                _edata = .
                0x08005ba0                _siccmram = LOADADDR (.ccmram)

.igot.plt       0x200000bc        0x0 load address 0x08005ba0
 .igot.plt      0x200000bc        0x0 d:/program files (x86)/gnutools/gcc-arm-none-eabi-win32/bin/../lib/gcc/arm-none-eabi/10.3.1/thumb/v7e-m+fp/hard/crtbegin.o

.ccmram         0x10000000        0x0 load address 0x08005ba0
                0x10000000                . = ALIGN (0x4)
                0x10000000                _sccmram = .
 *(.ccmram)
 *(.ccmram*)
                0x10000000                . = ALIGN (0x4)
                0x10000000                _eccmram = .
                0x10000000                . = ALIGN (0x4)

.bss            0x200000bc     0x4ab0
                0x200000bc                _sbss = .
                0x200000bc                __bss_start__ = _sbss
 *(.bss)
 .bss           0x200000bc       0x1c d:/program files (x86)/gnutools/gcc-arm-none-eabi-win32/bin/../lib/gcc/arm-none-eabi/10.3.1/thumb/v7e-m+fp/hard/crtbegin.o
 *(.bss*)
 .bss.StartTask_Handler
                0x200000d8        0x4 build/freertos.o
                0x200000d8                StartTask_Handler
 .bss.Task1Task_Handler
                0x200000dc        0x4 build/freertos.o
                0x200000dc                Task1Task_Handler
 .bss.Task2Task_Handler
                0x200000e0        0x4 build/freertos.o
                0x200000e0                Task2Task_Handler
 .bss.Task3Task_Handler
                0x200000e4        0x4 build/freertos.o
                0x200000e4                Task3Task_Handler
 .bss.cur_uart1_dev
                0x200000e8        0x4 build/usart.o
                0x200000e8                cur_uart1_dev
 .bss.dma_usart1_rx
                0x200000ec       0x60 build/usart.o
                0x200000ec                dma_usart1_rx
 .bss.dma_usart1_tx
                0x2000014c       0x60 build/usart.o
                0x2000014c                dma_usart1_tx
 .bss.huart1    0x200001ac       0x48 build/usart.o
                0x200001ac                huart1
 .bss.key0Queue
                0x200001f4        0x4 build/exti.o
                0x200001f4                key0Queue
 .bss.key1Queue
                0x200001f8        0x4 build/exti.o
                0x200001f8                key1Queue
 .bss.key2Queue
                0x200001fc        0x4 build/exti.o
                0x200001fc                key2Queue
 .bss.last_time.0
                0x20000200        0x4 build/exti.o
 .bss.__sbrk_heap_end
                0x20000204        0x4 build/sysmem.o
 .bss.uwTick    0x20000208        0x4 build/stm32f4xx_hal.o
                0x20000208                uwTick
 .bss.xQueueRegistry
                0x2000020c       0x40 build/queue.o
                0x2000020c                xQueueRegistry
 .bss.pxCurrentTCB
                0x2000024c        0x4 build/tasks.o
                0x2000024c                pxCurrentTCB
 .bss.pxDelayedTaskList
                0x20000250        0x4 build/tasks.o
 .bss.pxOverflowDelayedTaskList
                0x20000254        0x4 build/tasks.o
 .bss.pxReadyTasksLists
                0x20000258      0x460 build/tasks.o
 .bss.uxCurrentNumberOfTasks
                0x200006b8        0x4 build/tasks.o
 .bss.uxDeletedTasksWaitingCleanUp
                0x200006bc        0x4 build/tasks.o
 .bss.uxSchedulerSuspended
                0x200006c0        0x4 build/tasks.o
 .bss.uxTaskNumber
                0x200006c4        0x4 build/tasks.o
 .bss.uxTopReadyPriority
                0x200006c8        0x4 build/tasks.o
 .bss.xDelayedTaskList1
                0x200006cc       0x14 build/tasks.o
 .bss.xDelayedTaskList2
                0x200006e0       0x14 build/tasks.o
 .bss.xIdleTaskHandle
                0x200006f4        0x4 build/tasks.o
 .bss.xNextTaskUnblockTime
                0x200006f8        0x4 build/tasks.o
 .bss.xNumOfOverflows
                0x200006fc        0x4 build/tasks.o
 .bss.xPendedTicks
                0x20000700        0x4 build/tasks.o
 .bss.xPendingReadyList
                0x20000704       0x14 build/tasks.o
 .bss.xSchedulerRunning
                0x20000718        0x4 build/tasks.o
 .bss.xSuspendedTaskList
                0x2000071c       0x14 build/tasks.o
 .bss.xTasksWaitingTermination
                0x20000730       0x14 build/tasks.o
 .bss.xTickCount
                0x20000744        0x4 build/tasks.o
 .bss.xYieldPending
                0x20000748        0x4 build/tasks.o
 .bss.pxCurrentTimerList
                0x2000074c        0x4 build/timers.o
 .bss.pxOverflowTimerList
                0x20000750        0x4 build/timers.o
 .bss.ucStaticTimerQueueStorage.1
                0x20000754       0xa0 build/timers.o
 .bss.xActiveTimerList1
                0x200007f4       0x14 build/timers.o
 .bss.xActiveTimerList2
                0x20000808       0x14 build/timers.o
 .bss.xLastTime.2
                0x2000081c        0x4 build/timers.o
 .bss.xStaticTimerQueue.0
                0x20000820       0x50 build/timers.o
 .bss.xTimerQueue
                0x20000870        0x4 build/timers.o
 .bss.xTimerTaskHandle
                0x20000874        0x4 build/timers.o
 .bss.Idle_Stack.2
                0x20000878      0x200 build/cmsis_os2.o
 .bss.Idle_TCB.3
                0x20000a78       0x5c build/cmsis_os2.o
 .bss.KernelState
                0x20000ad4        0x4 build/cmsis_os2.o
 .bss.Timer_Stack.0
                0x20000ad8      0x400 build/cmsis_os2.o
 .bss.Timer_TCB.1
                0x20000ed8       0x5c build/cmsis_os2.o
 .bss.pxEnd     0x20000f34        0x4 build/heap_4.o
 .bss.ucHeap    0x20000f38     0x3c00 build/heap_4.o
 .bss.xBlockAllocatedBit
                0x20004b38        0x4 build/heap_4.o
 .bss.xFreeBytesRemaining
                0x20004b3c        0x4 build/heap_4.o
 .bss.xMinimumEverFreeBytesRemaining
                0x20004b40        0x4 build/heap_4.o
 .bss.xNumberOfSuccessfulAllocations
                0x20004b44        0x4 build/heap_4.o
 .bss.xNumberOfSuccessfulFrees
                0x20004b48        0x4 build/heap_4.o
 .bss.xStart    0x20004b4c        0x8 build/heap_4.o
 .bss.ucMaxSysCallPriority
                0x20004b54        0x1 build/port.o
 *fill*         0x20004b55        0x3 
 .bss.ulMaxPRIGROUPValue
                0x20004b58        0x4 build/port.o
 .bss.__lock___malloc_recursive_mutex
                0x20004b5c        0x1 d:/program files (x86)/gnutools/gcc-arm-none-eabi-win32/bin/../lib/gcc/arm-none-eabi/10.3.1/../../../../arm-none-eabi/lib/thumb/v7e-m+fp/hard\libc_nano.a(lib_a-lock.o)
                0x20004b5c                __lock___malloc_recursive_mutex
 .bss.__lock___sfp_recursive_mutex
                0x20004b5d        0x1 d:/program files (x86)/gnutools/gcc-arm-none-eabi-win32/bin/../lib/gcc/arm-none-eabi/10.3.1/../../../../arm-none-eabi/lib/thumb/v7e-m+fp/hard\libc_nano.a(lib_a-lock.o)
                0x20004b5d                __lock___sfp_recursive_mutex
 .bss.__lock___sinit_recursive_mutex
                0x20004b5e        0x1 d:/program files (x86)/gnutools/gcc-arm-none-eabi-win32/bin/../lib/gcc/arm-none-eabi/10.3.1/../../../../arm-none-eabi/lib/thumb/v7e-m+fp/hard\libc_nano.a(lib_a-lock.o)
                0x20004b5e                __lock___sinit_recursive_mutex
 *fill*         0x20004b5f        0x1 
 .bss.__malloc_free_list
                0x20004b60        0x4 d:/program files (x86)/gnutools/gcc-arm-none-eabi-win32/bin/../lib/gcc/arm-none-eabi/10.3.1/../../../../arm-none-eabi/lib/thumb/v7e-m+fp/hard\libc_nano.a(lib_a-nano-mallocr.o)
                0x20004b60                __malloc_free_list
 .bss.__malloc_sbrk_start
                0x20004b64        0x4 d:/program files (x86)/gnutools/gcc-arm-none-eabi-win32/bin/../lib/gcc/arm-none-eabi/10.3.1/../../../../arm-none-eabi/lib/thumb/v7e-m+fp/hard\libc_nano.a(lib_a-nano-mallocr.o)
                0x20004b64                __malloc_sbrk_start
 .bss.errno     0x20004b68        0x4 d:/program files (x86)/gnutools/gcc-arm-none-eabi-win32/bin/../lib/gcc/arm-none-eabi/10.3.1/../../../../arm-none-eabi/lib/thumb/v7e-m+fp/hard\libc_nano.a(lib_a-reent.o)
                0x20004b68                errno
 *(COMMON)
                0x20004b6c                . = ALIGN (0x4)
                0x20004b6c                _ebss = .
                0x20004b6c                __bss_end__ = _ebss

._user_heap_stack
                0x20004b6c      0x604
                0x20004b70                . = ALIGN (0x8)
 *fill*         0x20004b6c        0x4 
                [!provide]                PROVIDE (end = .)
                0x20004b70                PROVIDE (_end = .)
                0x20004d70                . = (. + _Min_Heap_Size)
 *fill*         0x20004b70      0x200 
                0x20005170                . = (. + _Min_Stack_Size)
 *fill*         0x20004d70      0x400 
                0x20005170                . = ALIGN (0x8)

/DISCARD/
 libc.a(*)
 libm.a(*)
 libgcc.a(*)

.ARM.attributes
                0x00000000       0x30
 *(.ARM.attributes)
 .ARM.attributes
                0x00000000       0x1e d:/program files (x86)/gnutools/gcc-arm-none-eabi-win32/bin/../lib/gcc/arm-none-eabi/10.3.1/thumb/v7e-m+fp/hard/crti.o
 .ARM.attributes
                0x0000001e       0x34 d:/program files (x86)/gnutools/gcc-arm-none-eabi-win32/bin/../lib/gcc/arm-none-eabi/10.3.1/thumb/v7e-m+fp/hard/crtbegin.o
 .ARM.attributes
                0x00000052       0x34 build/main.o
 .ARM.attributes
                0x00000086       0x34 build/freertos.o
 .ARM.attributes
                0x000000ba       0x34 build/gpio.o
 .ARM.attributes
                0x000000ee       0x34 build/usart.o
 .ARM.attributes
                0x00000122       0x34 build/dma.o
 .ARM.attributes
                0x00000156       0x34 build/exti.o
 .ARM.attributes
                0x0000018a       0x34 build/stm32f4xx_it.o
 .ARM.attributes
                0x000001be       0x34 build/stm32f4xx_hal_msp.o
 .ARM.attributes
                0x000001f2       0x34 build/sysmem.o
 .ARM.attributes
                0x00000226       0x34 build/syscalls.o
 .ARM.attributes
                0x0000025a       0x34 build/system_stm32f4xx.o
 .ARM.attributes
                0x0000028e       0x34 build/led.o
 .ARM.attributes
                0x000002c2       0x34 build/key.o
 .ARM.attributes
                0x000002f6       0x34 build/stm32f4xx_hal_rcc.o
 .ARM.attributes
                0x0000032a       0x34 build/stm32f4xx_hal_gpio.o
 .ARM.attributes
                0x0000035e       0x34 build/stm32f4xx_hal_dma.o
 .ARM.attributes
                0x00000392       0x34 build/stm32f4xx_hal_cortex.o
 .ARM.attributes
                0x000003c6       0x34 build/stm32f4xx_hal.o
 .ARM.attributes
                0x000003fa       0x34 build/stm32f4xx_hal_uart.o
 .ARM.attributes
                0x0000042e       0x34 build/list.o
 .ARM.attributes
                0x00000462       0x34 build/queue.o
 .ARM.attributes
                0x00000496       0x34 build/tasks.o
 .ARM.attributes
                0x000004ca       0x34 build/timers.o
 .ARM.attributes
                0x000004fe       0x34 build/cmsis_os2.o
 .ARM.attributes
                0x00000532       0x34 build/heap_4.o
 .ARM.attributes
                0x00000566       0x34 build/port.o
 .ARM.attributes
                0x0000059a       0x21 build/startup_stm32f407xx.o
 .ARM.attributes
                0x000005bb       0x34 d:/program files (x86)/gnutools/gcc-arm-none-eabi-win32/bin/../lib/gcc/arm-none-eabi/10.3.1/../../../../arm-none-eabi/lib/thumb/v7e-m+fp/hard\libc_nano.a(lib_a-errno.o)
 .ARM.attributes
                0x000005ef       0x34 d:/program files (x86)/gnutools/gcc-arm-none-eabi-win32/bin/../lib/gcc/arm-none-eabi/10.3.1/../../../../arm-none-eabi/lib/thumb/v7e-m+fp/hard\libc_nano.a(lib_a-impure.o)
 .ARM.attributes
                0x00000623       0x34 d:/program files (x86)/gnutools/gcc-arm-none-eabi-win32/bin/../lib/gcc/arm-none-eabi/10.3.1/../../../../arm-none-eabi/lib/thumb/v7e-m+fp/hard\libc_nano.a(lib_a-init.o)
 .ARM.attributes
                0x00000657       0x34 d:/program files (x86)/gnutools/gcc-arm-none-eabi-win32/bin/../lib/gcc/arm-none-eabi/10.3.1/../../../../arm-none-eabi/lib/thumb/v7e-m+fp/hard\libc_nano.a(lib_a-memcpy-stub.o)
 .ARM.attributes
                0x0000068b       0x34 d:/program files (x86)/gnutools/gcc-arm-none-eabi-win32/bin/../lib/gcc/arm-none-eabi/10.3.1/../../../../arm-none-eabi/lib/thumb/v7e-m+fp/hard\libc_nano.a(lib_a-memset.o)
 .ARM.attributes
                0x000006bf       0x34 d:/program files (x86)/gnutools/gcc-arm-none-eabi-win32/bin/../lib/gcc/arm-none-eabi/10.3.1/../../../../arm-none-eabi/lib/thumb/v7e-m+fp/hard\libc_nano.a(lib_a-printf.o)
 .ARM.attributes
                0x000006f3       0x34 d:/program files (x86)/gnutools/gcc-arm-none-eabi-win32/bin/../lib/gcc/arm-none-eabi/10.3.1/../../../../arm-none-eabi/lib/thumb/v7e-m+fp/hard\libc_nano.a(lib_a-puts.o)
 .ARM.attributes
                0x00000727       0x34 d:/program files (x86)/gnutools/gcc-arm-none-eabi-win32/bin/../lib/gcc/arm-none-eabi/10.3.1/../../../../arm-none-eabi/lib/thumb/v7e-m+fp/hard\libc_nano.a(lib_a-wbuf.o)
 .ARM.attributes
                0x0000075b       0x34 d:/program files (x86)/gnutools/gcc-arm-none-eabi-win32/bin/../lib/gcc/arm-none-eabi/10.3.1/../../../../arm-none-eabi/lib/thumb/v7e-m+fp/hard\libc_nano.a(lib_a-wsetup.o)
 .ARM.attributes
                0x0000078f       0x34 d:/program files (x86)/gnutools/gcc-arm-none-eabi-win32/bin/../lib/gcc/arm-none-eabi/10.3.1/../../../../arm-none-eabi/lib/thumb/v7e-m+fp/hard\libc_nano.a(lib_a-fflush.o)
 .ARM.attributes
                0x000007c3       0x34 d:/program files (x86)/gnutools/gcc-arm-none-eabi-win32/bin/../lib/gcc/arm-none-eabi/10.3.1/../../../../arm-none-eabi/lib/thumb/v7e-m+fp/hard\libc_nano.a(lib_a-findfp.o)
 .ARM.attributes
                0x000007f7       0x34 d:/program files (x86)/gnutools/gcc-arm-none-eabi-win32/bin/../lib/gcc/arm-none-eabi/10.3.1/../../../../arm-none-eabi/lib/thumb/v7e-m+fp/hard\libc_nano.a(lib_a-fwalk.o)
 .ARM.attributes
                0x0000082b       0x34 d:/program files (x86)/gnutools/gcc-arm-none-eabi-win32/bin/../lib/gcc/arm-none-eabi/10.3.1/../../../../arm-none-eabi/lib/thumb/v7e-m+fp/hard\libc_nano.a(lib_a-lock.o)
 .ARM.attributes
                0x0000085f       0x34 d:/program files (x86)/gnutools/gcc-arm-none-eabi-win32/bin/../lib/gcc/arm-none-eabi/10.3.1/../../../../arm-none-eabi/lib/thumb/v7e-m+fp/hard\libc_nano.a(lib_a-makebuf.o)
 .ARM.attributes
                0x00000893       0x34 d:/program files (x86)/gnutools/gcc-arm-none-eabi-win32/bin/../lib/gcc/arm-none-eabi/10.3.1/../../../../arm-none-eabi/lib/thumb/v7e-m+fp/hard\libc_nano.a(lib_a-nano-freer.o)
 .ARM.attributes
                0x000008c7       0x34 d:/program files (x86)/gnutools/gcc-arm-none-eabi-win32/bin/../lib/gcc/arm-none-eabi/10.3.1/../../../../arm-none-eabi/lib/thumb/v7e-m+fp/hard\libc_nano.a(lib_a-nano-mallocr.o)
 .ARM.attributes
                0x000008fb       0x34 d:/program files (x86)/gnutools/gcc-arm-none-eabi-win32/bin/../lib/gcc/arm-none-eabi/10.3.1/../../../../arm-none-eabi/lib/thumb/v7e-m+fp/hard\libc_nano.a(lib_a-nano-vfprintf.o)
 .ARM.attributes
                0x0000092f       0x34 d:/program files (x86)/gnutools/gcc-arm-none-eabi-win32/bin/../lib/gcc/arm-none-eabi/10.3.1/../../../../arm-none-eabi/lib/thumb/v7e-m+fp/hard\libc_nano.a(lib_a-nano-vfprintf_i.o)
 .ARM.attributes
                0x00000963       0x34 d:/program files (x86)/gnutools/gcc-arm-none-eabi-win32/bin/../lib/gcc/arm-none-eabi/10.3.1/../../../../arm-none-eabi/lib/thumb/v7e-m+fp/hard\libc_nano.a(lib_a-sbrkr.o)
 .ARM.attributes
                0x00000997       0x34 d:/program files (x86)/gnutools/gcc-arm-none-eabi-win32/bin/../lib/gcc/arm-none-eabi/10.3.1/../../../../arm-none-eabi/lib/thumb/v7e-m+fp/hard\libc_nano.a(lib_a-stdio.o)
 .ARM.attributes
                0x000009cb       0x34 d:/program files (x86)/gnutools/gcc-arm-none-eabi-win32/bin/../lib/gcc/arm-none-eabi/10.3.1/../../../../arm-none-eabi/lib/thumb/v7e-m+fp/hard\libc_nano.a(lib_a-writer.o)
 .ARM.attributes
                0x000009ff       0x34 d:/program files (x86)/gnutools/gcc-arm-none-eabi-win32/bin/../lib/gcc/arm-none-eabi/10.3.1/../../../../arm-none-eabi/lib/thumb/v7e-m+fp/hard\libc_nano.a(lib_a-closer.o)
 .ARM.attributes
                0x00000a33       0x34 d:/program files (x86)/gnutools/gcc-arm-none-eabi-win32/bin/../lib/gcc/arm-none-eabi/10.3.1/../../../../arm-none-eabi/lib/thumb/v7e-m+fp/hard\libc_nano.a(lib_a-fstatr.o)
 .ARM.attributes
                0x00000a67       0x34 d:/program files (x86)/gnutools/gcc-arm-none-eabi-win32/bin/../lib/gcc/arm-none-eabi/10.3.1/../../../../arm-none-eabi/lib/thumb/v7e-m+fp/hard\libc_nano.a(lib_a-isattyr.o)
 .ARM.attributes
                0x00000a9b       0x34 d:/program files (x86)/gnutools/gcc-arm-none-eabi-win32/bin/../lib/gcc/arm-none-eabi/10.3.1/../../../../arm-none-eabi/lib/thumb/v7e-m+fp/hard\libc_nano.a(lib_a-lseekr.o)
 .ARM.attributes
                0x00000acf       0x1c d:/program files (x86)/gnutools/gcc-arm-none-eabi-win32/bin/../lib/gcc/arm-none-eabi/10.3.1/../../../../arm-none-eabi/lib/thumb/v7e-m+fp/hard\libc_nano.a(lib_a-memchr.o)
 .ARM.attributes
                0x00000aeb       0x34 d:/program files (x86)/gnutools/gcc-arm-none-eabi-win32/bin/../lib/gcc/arm-none-eabi/10.3.1/../../../../arm-none-eabi/lib/thumb/v7e-m+fp/hard\libc_nano.a(lib_a-mlock.o)
 .ARM.attributes
                0x00000b1f       0x34 d:/program files (x86)/gnutools/gcc-arm-none-eabi-win32/bin/../lib/gcc/arm-none-eabi/10.3.1/../../../../arm-none-eabi/lib/thumb/v7e-m+fp/hard\libc_nano.a(lib_a-readr.o)
 .ARM.attributes
                0x00000b53       0x34 d:/program files (x86)/gnutools/gcc-arm-none-eabi-win32/bin/../lib/gcc/arm-none-eabi/10.3.1/../../../../arm-none-eabi/lib/thumb/v7e-m+fp/hard\libc_nano.a(lib_a-reent.o)
 .ARM.attributes
                0x00000b87       0x1e d:/program files (x86)/gnutools/gcc-arm-none-eabi-win32/bin/../lib/gcc/arm-none-eabi/10.3.1/thumb/v7e-m+fp/hard\libgcc.a(_aeabi_uldivmod.o)
 .ARM.attributes
                0x00000ba5       0x34 d:/program files (x86)/gnutools/gcc-arm-none-eabi-win32/bin/../lib/gcc/arm-none-eabi/10.3.1/thumb/v7e-m+fp/hard\libgcc.a(_udivmoddi4.o)
 .ARM.attributes
                0x00000bd9       0x1e d:/program files (x86)/gnutools/gcc-arm-none-eabi-win32/bin/../lib/gcc/arm-none-eabi/10.3.1/thumb/v7e-m+fp/hard\libgcc.a(_dvmd_tls.o)
 .ARM.attributes
                0x00000bf7       0x1e d:/program files (x86)/gnutools/gcc-arm-none-eabi-win32/bin/../lib/gcc/arm-none-eabi/10.3.1/thumb/v7e-m+fp/hard/crtn.o
OUTPUT(build/Template.elf elf32-littlearm)
LOAD linker stubs
LOAD d:/program files (x86)/gnutools/gcc-arm-none-eabi-win32/bin/../lib/gcc/arm-none-eabi/10.3.1/../../../../arm-none-eabi/lib/thumb/v7e-m+fp/hard\libc.a
LOAD d:/program files (x86)/gnutools/gcc-arm-none-eabi-win32/bin/../lib/gcc/arm-none-eabi/10.3.1/../../../../arm-none-eabi/lib/thumb/v7e-m+fp/hard\libm.a
LOAD d:/program files (x86)/gnutools/gcc-arm-none-eabi-win32/bin/../lib/gcc/arm-none-eabi/10.3.1/thumb/v7e-m+fp/hard\libgcc.a

.debug_info     0x00000000    0x1bf72
 .debug_info    0x00000000      0x689 build/main.o
 .debug_info    0x00000689      0xefb build/freertos.o
 .debug_info    0x00001584       0xc1 build/gpio.o
 .debug_info    0x00001645     0x1ea7 build/usart.o
 .debug_info    0x000034ec      0x582 build/dma.o
 .debug_info    0x00003a6e      0x7f7 build/exti.o
 .debug_info    0x00004265      0x7cf build/stm32f4xx_it.o
 .debug_info    0x00004a34      0x541 build/stm32f4xx_hal_msp.o
 .debug_info    0x00004f75      0x185 build/sysmem.o
 .debug_info    0x000050fa      0x835 build/syscalls.o
 .debug_info    0x0000592f      0x5b3 build/system_stm32f4xx.o
 .debug_info    0x00005ee2      0x518 build/led.o
 .debug_info    0x000063fa      0x646 build/key.o
 .debug_info    0x00006a40      0xbe6 build/stm32f4xx_hal_rcc.o
 .debug_info    0x00007626      0x848 build/stm32f4xx_hal_gpio.o
 .debug_info    0x00007e6e      0xbd1 build/stm32f4xx_hal_dma.o
 .debug_info    0x00008a3f     0x11c6 build/stm32f4xx_hal_cortex.o
 .debug_info    0x00009c05      0xacf build/stm32f4xx_hal.o
 .debug_info    0x0000a6d4     0x432e build/stm32f4xx_hal_uart.o
 .debug_info    0x0000ea02      0x30f build/list.o
 .debug_info    0x0000ed11     0x2968 build/queue.o
 .debug_info    0x00011679     0x333f build/tasks.o
 .debug_info    0x000149b8     0x1bd3 build/timers.o
 .debug_info    0x0001658b     0x4de3 build/cmsis_os2.o
 .debug_info    0x0001b36e      0x61a build/heap_4.o
 .debug_info    0x0001b988      0x5c8 build/port.o
 .debug_info    0x0001bf50       0x22 build/startup_stm32f407xx.o

.debug_abbrev   0x00000000     0x3b06
 .debug_abbrev  0x00000000      0x1d8 build/main.o
 .debug_abbrev  0x000001d8      0x23a build/freertos.o
 .debug_abbrev  0x00000412       0x67 build/gpio.o
 .debug_abbrev  0x00000479      0x3d4 build/usart.o
 .debug_abbrev  0x0000084d      0x129 build/dma.o
 .debug_abbrev  0x00000976      0x199 build/exti.o
 .debug_abbrev  0x00000b0f      0x172 build/stm32f4xx_it.o
 .debug_abbrev  0x00000c81      0x11c build/stm32f4xx_hal_msp.o
 .debug_abbrev  0x00000d9d       0xea build/sysmem.o
 .debug_abbrev  0x00000e87      0x1c4 build/syscalls.o
 .debug_abbrev  0x0000104b      0x11b build/system_stm32f4xx.o
 .debug_abbrev  0x00001166      0x151 build/led.o
 .debug_abbrev  0x000012b7      0x17b build/key.o
 .debug_abbrev  0x00001432      0x2aa build/stm32f4xx_hal_rcc.o
 .debug_abbrev  0x000016dc      0x22b build/stm32f4xx_hal_gpio.o
 .debug_abbrev  0x00001907      0x2ff build/stm32f4xx_hal_dma.o
 .debug_abbrev  0x00001c06      0x379 build/stm32f4xx_hal_cortex.o
 .debug_abbrev  0x00001f7f      0x209 build/stm32f4xx_hal.o
 .debug_abbrev  0x00002188      0x356 build/stm32f4xx_hal_uart.o
 .debug_abbrev  0x000024de      0x124 build/list.o
 .debug_abbrev  0x00002602      0x3c4 build/queue.o
 .debug_abbrev  0x000029c6      0x387 build/tasks.o
 .debug_abbrev  0x00002d4d      0x366 build/timers.o
 .debug_abbrev  0x000030b3      0x54e build/cmsis_os2.o
 .debug_abbrev  0x00003601      0x269 build/heap_4.o
 .debug_abbrev  0x0000386a      0x28a build/port.o
 .debug_abbrev  0x00003af4       0x12 build/startup_stm32f407xx.o

.debug_loc      0x00000000    0x14a64
 .debug_loc     0x00000000       0x66 build/main.o
 .debug_loc     0x00000066      0x192 build/freertos.o
 .debug_loc     0x000001f8       0x20 build/gpio.o
 .debug_loc     0x00000218      0x5ec build/usart.o
 .debug_loc     0x00000804       0x38 build/dma.o
 .debug_loc     0x0000083c      0x193 build/exti.o
 .debug_loc     0x000009cf       0x80 build/stm32f4xx_it.o
 .debug_loc     0x00000a4f       0x38 build/stm32f4xx_hal_msp.o
 .debug_loc     0x00000a87       0x84 build/sysmem.o
 .debug_loc     0x00000b0b      0x511 build/syscalls.o
 .debug_loc     0x0000101c      0x158 build/system_stm32f4xx.o
 .debug_loc     0x00001174       0x38 build/led.o
 .debug_loc     0x000011ac       0xc9 build/key.o
 .debug_loc     0x00001275      0x6e4 build/stm32f4xx_hal_rcc.o
 .debug_loc     0x00001959      0x5e8 build/stm32f4xx_hal_gpio.o
 .debug_loc     0x00001f41      0xd6d build/stm32f4xx_hal_dma.o
 .debug_loc     0x00002cae      0x7a4 build/stm32f4xx_hal_cortex.o
 .debug_loc     0x00003452      0x1e1 build/stm32f4xx_hal.o
 .debug_loc     0x00003633     0x4d30 build/stm32f4xx_hal_uart.o
 .debug_loc     0x00008363       0xe5 build/list.o
 .debug_loc     0x00008448     0x1fe4 build/queue.o
 .debug_loc     0x0000a42c     0x2c72 build/tasks.o
 .debug_loc     0x0000d09e     0x1586 build/timers.o
 .debug_loc     0x0000e624     0x5d9c build/cmsis_os2.o
 .debug_loc     0x000143c0      0x4e4 build/heap_4.o
 .debug_loc     0x000148a4      0x1c0 build/port.o

.debug_aranges  0x00000000     0x1088
 .debug_aranges
                0x00000000       0x30 build/main.o
 .debug_aranges
                0x00000030       0x40 build/freertos.o
 .debug_aranges
                0x00000070       0x20 build/gpio.o
 .debug_aranges
                0x00000090       0x80 build/usart.o
 .debug_aranges
                0x00000110       0x20 build/dma.o
 .debug_aranges
                0x00000130       0x48 build/exti.o
 .debug_aranges
                0x00000178       0x68 build/stm32f4xx_it.o
 .debug_aranges
                0x000001e0       0x20 build/stm32f4xx_hal_msp.o
 .debug_aranges
                0x00000200       0x20 build/sysmem.o
 .debug_aranges
                0x00000220       0xa8 build/syscalls.o
 .debug_aranges
                0x000002c8       0x28 build/system_stm32f4xx.o
 .debug_aranges
                0x000002f0       0x20 build/led.o
 .debug_aranges
                0x00000310       0x28 build/key.o
 .debug_aranges
                0x00000338       0x88 build/stm32f4xx_hal_rcc.o
 .debug_aranges
                0x000003c0       0x58 build/stm32f4xx_hal_gpio.o
 .debug_aranges
                0x00000418       0x90 build/stm32f4xx_hal_dma.o
 .debug_aranges
                0x000004a8       0xc0 build/stm32f4xx_hal_cortex.o
 .debug_aranges
                0x00000568       0xf0 build/stm32f4xx_hal.o
 .debug_aranges
                0x00000658      0x208 build/stm32f4xx_hal_uart.o
 .debug_aranges
                0x00000860       0x40 build/list.o
 .debug_aranges
                0x000008a0      0x158 build/queue.o
 .debug_aranges
                0x000009f8      0x208 build/tasks.o
 .debug_aranges
                0x00000c00       0xf0 build/timers.o
 .debug_aranges
                0x00000cf0      0x298 build/cmsis_os2.o
 .debug_aranges
                0x00000f88       0x58 build/heap_4.o
 .debug_aranges
                0x00000fe0       0x80 build/port.o
 .debug_aranges
                0x00001060       0x28 build/startup_stm32f407xx.o

.debug_ranges   0x00000000     0x11e0
 .debug_ranges  0x00000000       0x20 build/main.o
 .debug_ranges  0x00000020       0x30 build/freertos.o
 .debug_ranges  0x00000050       0x10 build/gpio.o
 .debug_ranges  0x00000060       0xa0 build/usart.o
 .debug_ranges  0x00000100       0x10 build/dma.o
 .debug_ranges  0x00000110       0x38 build/exti.o
 .debug_ranges  0x00000148       0x58 build/stm32f4xx_it.o
 .debug_ranges  0x000001a0       0x10 build/stm32f4xx_hal_msp.o
 .debug_ranges  0x000001b0       0x10 build/sysmem.o
 .debug_ranges  0x000001c0       0x98 build/syscalls.o
 .debug_ranges  0x00000258       0x18 build/system_stm32f4xx.o
 .debug_ranges  0x00000270       0x10 build/led.o
 .debug_ranges  0x00000280       0x18 build/key.o
 .debug_ranges  0x00000298       0x90 build/stm32f4xx_hal_rcc.o
 .debug_ranges  0x00000328       0x48 build/stm32f4xx_hal_gpio.o
 .debug_ranges  0x00000370       0x80 build/stm32f4xx_hal_dma.o
 .debug_ranges  0x000003f0      0x110 build/stm32f4xx_hal_cortex.o
 .debug_ranges  0x00000500       0xe0 build/stm32f4xx_hal.o
 .debug_ranges  0x000005e0      0x210 build/stm32f4xx_hal_uart.o
 .debug_ranges  0x000007f0       0x30 build/list.o
 .debug_ranges  0x00000820      0x218 build/queue.o
 .debug_ranges  0x00000a38      0x338 build/tasks.o
 .debug_ranges  0x00000d70       0xe0 build/timers.o
 .debug_ranges  0x00000e50      0x2a0 build/cmsis_os2.o
 .debug_ranges  0x000010f0       0x48 build/heap_4.o
 .debug_ranges  0x00001138       0x88 build/port.o
 .debug_ranges  0x000011c0       0x20 build/startup_stm32f407xx.o

.debug_line     0x00000000    0x13055
 .debug_line    0x00000000      0x370 build/main.o
 .debug_line    0x00000370      0x42f build/freertos.o
 .debug_line    0x0000079f       0x67 build/gpio.o
 .debug_line    0x00000806      0x794 build/usart.o
 .debug_line    0x00000f9a      0x18e build/dma.o
 .debug_line    0x00001128      0x355 build/exti.o
 .debug_line    0x0000147d      0x3a6 build/stm32f4xx_it.o
 .debug_line    0x00001823      0x1a0 build/stm32f4xx_hal_msp.o
 .debug_line    0x000019c3      0x1d0 build/sysmem.o
 .debug_line    0x00001b93      0x40b build/syscalls.o
 .debug_line    0x00001f9e      0x259 build/system_stm32f4xx.o
 .debug_line    0x000021f7      0x1ce build/led.o
 .debug_line    0x000023c5      0x307 build/key.o
 .debug_line    0x000026cc      0xb53 build/stm32f4xx_hal_rcc.o
 .debug_line    0x0000321f      0x6eb build/stm32f4xx_hal_gpio.o
 .debug_line    0x0000390a      0xe2f build/stm32f4xx_hal_dma.o
 .debug_line    0x00004739      0x7b6 build/stm32f4xx_hal_cortex.o
 .debug_line    0x00004eef      0x56f build/stm32f4xx_hal.o
 .debug_line    0x0000545e     0x42c5 build/stm32f4xx_hal_uart.o
 .debug_line    0x00009723      0x363 build/list.o
 .debug_line    0x00009a86     0x2059 build/queue.o
 .debug_line    0x0000badf     0x2dae build/tasks.o
 .debug_line    0x0000e88d      0xf2f build/timers.o
 .debug_line    0x0000f7bc     0x29cf build/cmsis_os2.o
 .debug_line    0x0001218b      0x741 build/heap_4.o
 .debug_line    0x000128cc      0x713 build/port.o
 .debug_line    0x00012fdf       0x76 build/startup_stm32f407xx.o

.debug_str      0x00000000     0x607c
 .debug_str     0x00000000      0x47f build/main.o
                                0x4d5 (size before relaxing)
 .debug_str     0x0000047f      0xaee build/freertos.o
                                0xd2a (size before relaxing)
 .debug_str     0x00000f6d       0x2b build/gpio.o
                                0x1ae (size before relaxing)
 .debug_str     0x00000f98      0xb93 build/usart.o
                               0x13c2 (size before relaxing)
 .debug_str     0x00001b2b        0xe build/dma.o
                                0x7be (size before relaxing)
 .debug_str     0x00001b39      0x109 build/exti.o
                                0x897 (size before relaxing)
 .debug_str     0x00001c42      0x12c build/stm32f4xx_it.o
                                0x754 (size before relaxing)
 .debug_str     0x00001d6e       0x28 build/stm32f4xx_hal_msp.o
                                0x7b4 (size before relaxing)
 .debug_str     0x00001d96       0x79 build/sysmem.o
                                0x21b (size before relaxing)
 .debug_str     0x00001e0f      0x1e8 build/syscalls.o
                                0x3ef (size before relaxing)
 .debug_str     0x00001ff7       0xd7 build/system_stm32f4xx.o
                                0x36b (size before relaxing)
 .debug_str     0x000020ce       0x25 build/led.o
                                0x367 (size before relaxing)
 .debug_str     0x000020f3       0x45 build/key.o
                                0x387 (size before relaxing)
 .debug_str     0x00002138      0x207 build/stm32f4xx_hal_rcc.o
                                0x6fd (size before relaxing)
 .debug_str     0x0000233f       0xbe build/stm32f4xx_hal_gpio.o
                                0x4d7 (size before relaxing)
 .debug_str     0x000023fd      0x2e8 build/stm32f4xx_hal_dma.o
                                0x76d (size before relaxing)
 .debug_str     0x000026e5      0x4b6 build/stm32f4xx_hal_cortex.o
                                0xc6c (size before relaxing)
 .debug_str     0x00002b9b      0x290 build/stm32f4xx_hal.o
                                0xb51 (size before relaxing)
 .debug_str     0x00002e2b      0x546 build/stm32f4xx_hal_uart.o
                                0xd92 (size before relaxing)
 .debug_str     0x00003371      0x136 build/list.o
                                0x2f9 (size before relaxing)
 .debug_str     0x000034a7      0x947 build/queue.o
                                0xd0f (size before relaxing)
 .debug_str     0x00003dee      0xc49 build/tasks.o
                               0x12de (size before relaxing)
 .debug_str     0x00004a37      0x5d8 build/timers.o
                                0xc3f (size before relaxing)
 .debug_str     0x0000500f      0xc0d build/cmsis_os2.o
                               0x2128 (size before relaxing)
 .debug_str     0x00005c1c      0x2bf build/heap_4.o
                                0x507 (size before relaxing)
 .debug_str     0x00005edb      0x17d build/port.o
                                0x479 (size before relaxing)
 .debug_str     0x00006058       0x24 build/startup_stm32f407xx.o
                                 0x61 (size before relaxing)

.comment        0x00000000       0x49
 .comment       0x00000000       0x49 build/main.o
                                 0x4a (size before relaxing)
 .comment       0x00000049       0x4a build/freertos.o
 .comment       0x00000049       0x4a build/gpio.o
 .comment       0x00000049       0x4a build/usart.o
 .comment       0x00000049       0x4a build/dma.o
 .comment       0x00000049       0x4a build/exti.o
 .comment       0x00000049       0x4a build/stm32f4xx_it.o
 .comment       0x00000049       0x4a build/stm32f4xx_hal_msp.o
 .comment       0x00000049       0x4a build/sysmem.o
 .comment       0x00000049       0x4a build/syscalls.o
 .comment       0x00000049       0x4a build/system_stm32f4xx.o
 .comment       0x00000049       0x4a build/led.o
 .comment       0x00000049       0x4a build/key.o
 .comment       0x00000049       0x4a build/stm32f4xx_hal_rcc.o
 .comment       0x00000049       0x4a build/stm32f4xx_hal_gpio.o
 .comment       0x00000049       0x4a build/stm32f4xx_hal_dma.o
 .comment       0x00000049       0x4a build/stm32f4xx_hal_cortex.o
 .comment       0x00000049       0x4a build/stm32f4xx_hal.o
 .comment       0x00000049       0x4a build/stm32f4xx_hal_uart.o
 .comment       0x00000049       0x4a build/list.o
 .comment       0x00000049       0x4a build/queue.o
 .comment       0x00000049       0x4a build/tasks.o
 .comment       0x00000049       0x4a build/timers.o
 .comment       0x00000049       0x4a build/cmsis_os2.o
 .comment       0x00000049       0x4a build/heap_4.o
 .comment       0x00000049       0x4a build/port.o

.debug_frame    0x00000000     0x35c0
 .debug_frame   0x00000000       0x58 build/main.o
 .debug_frame   0x00000058       0x9c build/freertos.o
 .debug_frame   0x000000f4       0x28 build/gpio.o
 .debug_frame   0x0000011c      0x150 build/usart.o
 .debug_frame   0x0000026c       0x30 build/dma.o
 .debug_frame   0x0000029c       0xa0 build/exti.o
 .debug_frame   0x0000033c       0xd0 build/stm32f4xx_it.o
 .debug_frame   0x0000040c       0x2c build/stm32f4xx_hal_msp.o
 .debug_frame   0x00000438       0x28 build/sysmem.o
 .debug_frame   0x00000460      0x190 build/syscalls.o
 .debug_frame   0x000005f0       0x30 build/system_stm32f4xx.o
 .debug_frame   0x00000620       0x30 build/led.o
 .debug_frame   0x00000650       0x4c build/key.o
 .debug_frame   0x0000069c      0x16c build/stm32f4xx_hal_rcc.o
 .debug_frame   0x00000808       0xd8 build/stm32f4xx_hal_gpio.o
 .debug_frame   0x000008e0      0x188 build/stm32f4xx_hal_dma.o
 .debug_frame   0x00000a68      0x178 build/stm32f4xx_hal_cortex.o
 .debug_frame   0x00000be0      0x1ec build/stm32f4xx_hal.o
 .debug_frame   0x00000dcc      0x5e4 build/stm32f4xx_hal_uart.o
 .debug_frame   0x000013b0       0x70 build/list.o
 .debug_frame   0x00001420      0x458 build/queue.o
 .debug_frame   0x00001878      0x688 build/tasks.o
 .debug_frame   0x00001f00      0x30c build/timers.o
 .debug_frame   0x0000220c      0x8e8 build/cmsis_os2.o
 .debug_frame   0x00002af4       0xd0 build/heap_4.o
 .debug_frame   0x00002bc4      0x110 build/port.o
 .debug_frame   0x00002cd4       0x20 d:/program files (x86)/gnutools/gcc-arm-none-eabi-win32/bin/../lib/gcc/arm-none-eabi/10.3.1/../../../../arm-none-eabi/lib/thumb/v7e-m+fp/hard\libc_nano.a(lib_a-errno.o)
 .debug_frame   0x00002cf4       0x2c d:/program files (x86)/gnutools/gcc-arm-none-eabi-win32/bin/../lib/gcc/arm-none-eabi/10.3.1/../../../../arm-none-eabi/lib/thumb/v7e-m+fp/hard\libc_nano.a(lib_a-init.o)
 .debug_frame   0x00002d20       0x28 d:/program files (x86)/gnutools/gcc-arm-none-eabi-win32/bin/../lib/gcc/arm-none-eabi/10.3.1/../../../../arm-none-eabi/lib/thumb/v7e-m+fp/hard\libc_nano.a(lib_a-memcpy-stub.o)
 .debug_frame   0x00002d48       0x20 d:/program files (x86)/gnutools/gcc-arm-none-eabi-win32/bin/../lib/gcc/arm-none-eabi/10.3.1/../../../../arm-none-eabi/lib/thumb/v7e-m+fp/hard\libc_nano.a(lib_a-memset.o)
 .debug_frame   0x00002d68       0x74 d:/program files (x86)/gnutools/gcc-arm-none-eabi-win32/bin/../lib/gcc/arm-none-eabi/10.3.1/../../../../arm-none-eabi/lib/thumb/v7e-m+fp/hard\libc_nano.a(lib_a-printf.o)
 .debug_frame   0x00002ddc       0x3c d:/program files (x86)/gnutools/gcc-arm-none-eabi-win32/bin/../lib/gcc/arm-none-eabi/10.3.1/../../../../arm-none-eabi/lib/thumb/v7e-m+fp/hard\libc_nano.a(lib_a-puts.o)
 .debug_frame   0x00002e18       0x40 d:/program files (x86)/gnutools/gcc-arm-none-eabi-win32/bin/../lib/gcc/arm-none-eabi/10.3.1/../../../../arm-none-eabi/lib/thumb/v7e-m+fp/hard\libc_nano.a(lib_a-wbuf.o)
 .debug_frame   0x00002e58       0x2c d:/program files (x86)/gnutools/gcc-arm-none-eabi-win32/bin/../lib/gcc/arm-none-eabi/10.3.1/../../../../arm-none-eabi/lib/thumb/v7e-m+fp/hard\libc_nano.a(lib_a-wsetup.o)
 .debug_frame   0x00002e84       0x5c d:/program files (x86)/gnutools/gcc-arm-none-eabi-win32/bin/../lib/gcc/arm-none-eabi/10.3.1/../../../../arm-none-eabi/lib/thumb/v7e-m+fp/hard\libc_nano.a(lib_a-fflush.o)
 .debug_frame   0x00002ee0      0x14c d:/program files (x86)/gnutools/gcc-arm-none-eabi-win32/bin/../lib/gcc/arm-none-eabi/10.3.1/../../../../arm-none-eabi/lib/thumb/v7e-m+fp/hard\libc_nano.a(lib_a-findfp.o)
 .debug_frame   0x0000302c       0x54 d:/program files (x86)/gnutools/gcc-arm-none-eabi-win32/bin/../lib/gcc/arm-none-eabi/10.3.1/../../../../arm-none-eabi/lib/thumb/v7e-m+fp/hard\libc_nano.a(lib_a-fwalk.o)
 .debug_frame   0x00003080       0xb0 d:/program files (x86)/gnutools/gcc-arm-none-eabi-win32/bin/../lib/gcc/arm-none-eabi/10.3.1/../../../../arm-none-eabi/lib/thumb/v7e-m+fp/hard\libc_nano.a(lib_a-lock.o)
 .debug_frame   0x00003130       0x58 d:/program files (x86)/gnutools/gcc-arm-none-eabi-win32/bin/../lib/gcc/arm-none-eabi/10.3.1/../../../../arm-none-eabi/lib/thumb/v7e-m+fp/hard\libc_nano.a(lib_a-makebuf.o)
 .debug_frame   0x00003188       0x38 d:/program files (x86)/gnutools/gcc-arm-none-eabi-win32/bin/../lib/gcc/arm-none-eabi/10.3.1/../../../../arm-none-eabi/lib/thumb/v7e-m+fp/hard\libc_nano.a(lib_a-nano-freer.o)
 .debug_frame   0x000031c0       0x4c d:/program files (x86)/gnutools/gcc-arm-none-eabi-win32/bin/../lib/gcc/arm-none-eabi/10.3.1/../../../../arm-none-eabi/lib/thumb/v7e-m+fp/hard\libc_nano.a(lib_a-nano-mallocr.o)
 .debug_frame   0x0000320c       0xac d:/program files (x86)/gnutools/gcc-arm-none-eabi-win32/bin/../lib/gcc/arm-none-eabi/10.3.1/../../../../arm-none-eabi/lib/thumb/v7e-m+fp/hard\libc_nano.a(lib_a-nano-vfprintf.o)
 .debug_frame   0x000032b8       0x60 d:/program files (x86)/gnutools/gcc-arm-none-eabi-win32/bin/../lib/gcc/arm-none-eabi/10.3.1/../../../../arm-none-eabi/lib/thumb/v7e-m+fp/hard\libc_nano.a(lib_a-nano-vfprintf_i.o)
 .debug_frame   0x00003318       0x2c d:/program files (x86)/gnutools/gcc-arm-none-eabi-win32/bin/../lib/gcc/arm-none-eabi/10.3.1/../../../../arm-none-eabi/lib/thumb/v7e-m+fp/hard\libc_nano.a(lib_a-sbrkr.o)
 .debug_frame   0x00003344       0x88 d:/program files (x86)/gnutools/gcc-arm-none-eabi-win32/bin/../lib/gcc/arm-none-eabi/10.3.1/../../../../arm-none-eabi/lib/thumb/v7e-m+fp/hard\libc_nano.a(lib_a-stdio.o)
 .debug_frame   0x000033cc       0x2c d:/program files (x86)/gnutools/gcc-arm-none-eabi-win32/bin/../lib/gcc/arm-none-eabi/10.3.1/../../../../arm-none-eabi/lib/thumb/v7e-m+fp/hard\libc_nano.a(lib_a-writer.o)
 .debug_frame   0x000033f8       0x2c d:/program files (x86)/gnutools/gcc-arm-none-eabi-win32/bin/../lib/gcc/arm-none-eabi/10.3.1/../../../../arm-none-eabi/lib/thumb/v7e-m+fp/hard\libc_nano.a(lib_a-closer.o)
 .debug_frame   0x00003424       0x2c d:/program files (x86)/gnutools/gcc-arm-none-eabi-win32/bin/../lib/gcc/arm-none-eabi/10.3.1/../../../../arm-none-eabi/lib/thumb/v7e-m+fp/hard\libc_nano.a(lib_a-fstatr.o)
 .debug_frame   0x00003450       0x2c d:/program files (x86)/gnutools/gcc-arm-none-eabi-win32/bin/../lib/gcc/arm-none-eabi/10.3.1/../../../../arm-none-eabi/lib/thumb/v7e-m+fp/hard\libc_nano.a(lib_a-isattyr.o)
 .debug_frame   0x0000347c       0x2c d:/program files (x86)/gnutools/gcc-arm-none-eabi-win32/bin/../lib/gcc/arm-none-eabi/10.3.1/../../../../arm-none-eabi/lib/thumb/v7e-m+fp/hard\libc_nano.a(lib_a-lseekr.o)
 .debug_frame   0x000034a8       0x30 d:/program files (x86)/gnutools/gcc-arm-none-eabi-win32/bin/../lib/gcc/arm-none-eabi/10.3.1/../../../../arm-none-eabi/lib/thumb/v7e-m+fp/hard\libc_nano.a(lib_a-mlock.o)
 .debug_frame   0x000034d8       0x2c d:/program files (x86)/gnutools/gcc-arm-none-eabi-win32/bin/../lib/gcc/arm-none-eabi/10.3.1/../../../../arm-none-eabi/lib/thumb/v7e-m+fp/hard\libc_nano.a(lib_a-readr.o)
 .debug_frame   0x00003504       0x5c d:/program files (x86)/gnutools/gcc-arm-none-eabi-win32/bin/../lib/gcc/arm-none-eabi/10.3.1/../../../../arm-none-eabi/lib/thumb/v7e-m+fp/hard\libc_nano.a(lib_a-reent.o)
 .debug_frame   0x00003560       0x2c d:/program files (x86)/gnutools/gcc-arm-none-eabi-win32/bin/../lib/gcc/arm-none-eabi/10.3.1/thumb/v7e-m+fp/hard\libgcc.a(_aeabi_uldivmod.o)
 .debug_frame   0x0000358c       0x34 d:/program files (x86)/gnutools/gcc-arm-none-eabi-win32/bin/../lib/gcc/arm-none-eabi/10.3.1/thumb/v7e-m+fp/hard\libgcc.a(_udivmoddi4.o)

Cross Reference Table

Symbol                                            File